/home1/11056/zwu/.bashrc: line 30: conda: command not found
/home1/11056/zwu/.bashrc: line 30: conda: command not found
/home1/11056/zwu/.bashrc: line 30: conda: command not found
/home1/11056/zwu/.bashrc: line 30: conda: command not found
/home1/11056/zwu/.bashrc: line 30: conda: command not found
/home1/11056/zwu/.bashrc: line 30: conda: command not found
/home1/11056/zwu/.bashrc: line 30: conda: command not found
/home1/11056/zwu/.bashrc: line 30: conda: command not found
/home1/11056/zwu/.bashrc: line 30: conda: command not found
warning: the following parameter line was not interpreted:
use_grackle                 = 1
warning: the following parameter line was not interpreted:
with_radiative_cooling      = 1
warning: the following parameter line was not interpreted:
use_volumetric_heating_rate = 0
warning: the following parameter line was not interpreted:
use_specific_heating_rate   = 0
warning: the following parameter line was not interpreted:
self_shielding_method       = 1
warning: the following parameter line was not interpreted:
H2_self_shielding           = 0
warning: the following parameter line was not interpreted:
UVbackground                = 1
warning: the following parameter line was not interpreted:
Compton_xray_heating        = 0
warning: the following parameter line was not interpreted:
LWbackground_intensity      = 0.000000
warning: the following parameter line was not interpreted:
LWbackground_sawtooth_suppression = 0
warning: the following parameter line was not interpreted:
dust_chemistry              = 0
warning: the following parameter line was not interpreted:
local_dust_to_gas_ratio     = 0.009387
warning: the following parameter line was not interpreted:
use_isrf_field              = 0
warning: the following parameter line was not interpreted:
use_dust_density_field      = 0
Output to Global Dir .
Successfully read ParameterFile z_0015/z_0015.
yt : [INFO     ] 2026-07-29 17:31:31,221 Global parallel computation enabled: 173 / 560
yt : [INFO     ] 2026-07-29 17:31:31,221 Global parallel computation enabled: 87 / 560
yt : [INFO     ] 2026-07-29 17:31:31,222 Global parallel computation enabled: 455 / 560
yt : [INFO     ] 2026-07-29 17:31:31,221 Global parallel computation enabled: 115 / 560
yt : [INFO     ] 2026-07-29 17:31:31,222 Global parallel computation enabled: 282 / 560
yt : [INFO     ] 2026-07-29 17:31:31,222 Global parallel computation enabled: 423 / 560
yt : [INFO     ] 2026-07-29 17:31:31,221 Global parallel computation enabled: 194 / 560
yt : [INFO     ] 2026-07-29 17:31:31,223 Global parallel computation enabled: 504 / 560
yt : [INFO     ] 2026-07-29 17:31:31,222 Global parallel computation enabled: 227 / 560
yt : [INFO     ] 2026-07-29 17:31:31,221 Global parallel computation enabled: 360 / 560
yt : [INFO     ] 2026-07-29 17:31:31,221 Global parallel computation enabled: 93 / 560
yt : [INFO     ] 2026-07-29 17:31:31,222 Global parallel computation enabled: 0 / 560
yt : [INFO     ] 2026-07-29 17:31:31,222 Global parallel computation enabled: 471 / 560
yt : [INFO     ] 2026-07-29 17:31:31,222 Global parallel computation enabled: 113 / 560
yt : [INFO     ] 2026-07-29 17:31:31,222 Global parallel computation enabled: 288 / 560
yt : [INFO     ] 2026-07-29 17:31:31,222 Global parallel computation enabled: 428 / 560
yt : [INFO     ] 2026-07-29 17:31:31,221 Global parallel computation enabled: 174 / 560
yt : [INFO     ] 2026-07-29 17:31:31,223 Global parallel computation enabled: 509 / 560
yt : [INFO     ] 2026-07-29 17:31:31,222 Global parallel computation enabled: 231 / 560
yt : [INFO     ] 2026-07-29 17:31:31,221 Global parallel computation enabled: 336 / 560
yt : [INFO     ] 2026-07-29 17:31:31,221 Global parallel computation enabled: 102 / 560
yt : [INFO     ] 2026-07-29 17:31:31,222 Global parallel computation enabled: 1 / 560
yt : [INFO     ] 2026-07-29 17:31:31,222 Global parallel computation enabled: 482 / 560
yt : [INFO     ] 2026-07-29 17:31:31,222 Global parallel computation enabled: 124 / 560
yt : [INFO     ] 2026-07-29 17:31:31,222 Global parallel computation enabled: 333 / 560
yt : [INFO     ] 2026-07-29 17:31:31,222 Global parallel computation enabled: 437 / 560
yt : [INFO     ] 2026-07-29 17:31:31,221 Global parallel computation enabled: 180 / 560
yt : [INFO     ] 2026-07-29 17:31:31,223 Global parallel computation enabled: 515 / 560
yt : [INFO     ] 2026-07-29 17:31:31,222 Global parallel computation enabled: 233 / 560
yt : [INFO     ] 2026-07-29 17:31:31,221 Global parallel computation enabled: 340 / 560
yt : [INFO     ] 2026-07-29 17:31:31,221 Global parallel computation enabled: 94 / 560
yt : [INFO     ] 2026-07-29 17:31:31,222 Global parallel computation enabled: 2 / 560
yt : [INFO     ] 2026-07-29 17:31:31,222 Global parallel computation enabled: 490 / 560
yt : [INFO     ] 2026-07-29 17:31:31,222 Global parallel computation enabled: 140 / 560
yt : [INFO     ] 2026-07-29 17:31:31,222 Global parallel computation enabled: 280 / 560
yt : [INFO     ] 2026-07-29 17:31:31,222 Global parallel computation enabled: 394 / 560
yt : [INFO     ] 2026-07-29 17:31:31,221 Global parallel computation enabled: 186 / 560
yt : [INFO     ] 2026-07-29 17:31:31,223 Global parallel computation enabled: 516 / 560
yt : [INFO     ] 2026-07-29 17:31:31,222 Global parallel computation enabled: 238 / 560
yt : [INFO     ] 2026-07-29 17:31:31,221 Global parallel computation enabled: 344 / 560
yt : [INFO     ] 2026-07-29 17:31:31,221 Global parallel computation enabled: 71 / 560
yt : [INFO     ] 2026-07-29 17:31:31,222 Global parallel computation enabled: 3 / 560
yt : [INFO     ] 2026-07-29 17:31:31,222 Global parallel computation enabled: 493 / 560
yt : [INFO     ] 2026-07-29 17:31:31,222 Global parallel computation enabled: 145 / 560
yt : [INFO     ] 2026-07-29 17:31:31,222 Global parallel computation enabled: 283 / 560
yt : [INFO     ] 2026-07-29 17:31:31,222 Global parallel computation enabled: 395 / 560
yt : [INFO     ] 2026-07-29 17:31:31,221 Global parallel computation enabled: 196 / 560
yt : [INFO     ] 2026-07-29 17:31:31,223 Global parallel computation enabled: 520 / 560
yt : [INFO     ] 2026-07-29 17:31:31,222 Global parallel computation enabled: 240 / 560
yt : [INFO     ] 2026-07-29 17:31:31,221 Global parallel computation enabled: 348 / 560
yt : [INFO     ] 2026-07-29 17:31:31,221 Global parallel computation enabled: 76 / 560
yt : [INFO     ] 2026-07-29 17:31:31,222 Global parallel computation enabled: 4 / 560
yt : [INFO     ] 2026-07-29 17:31:31,222 Global parallel computation enabled: 501 / 560
yt : [INFO     ] 2026-07-29 17:31:31,221 Global parallel computation enabled: 149 / 560
yt : [INFO     ] 2026-07-29 17:31:31,222 Global parallel computation enabled: 287 / 560
yt : [INFO     ] 2026-07-29 17:31:31,222 Global parallel computation enabled: 403 / 560
yt : [INFO     ] 2026-07-29 17:31:31,221 Global parallel computation enabled: 211 / 560
yt : [INFO     ] 2026-07-29 17:31:31,223 Global parallel computation enabled: 521 / 560
yt : [INFO     ] 2026-07-29 17:31:31,222 Global parallel computation enabled: 243 / 560
yt : [INFO     ] 2026-07-29 17:31:31,221 Global parallel computation enabled: 352 / 560
yt : [INFO     ] 2026-07-29 17:31:31,221 Global parallel computation enabled: 78 / 560
yt : [INFO     ] 2026-07-29 17:31:31,222 Global parallel computation enabled: 5 / 560
yt : [INFO     ] 2026-07-29 17:31:31,222 Global parallel computation enabled: 448 / 560
yt : [INFO     ] 2026-07-29 17:31:31,222 Global parallel computation enabled: 112 / 560
yt : [INFO     ] 2026-07-29 17:31:31,222 Global parallel computation enabled: 314 / 560
yt : [INFO     ] 2026-07-29 17:31:31,222 Global parallel computation enabled: 404 / 560
yt : [INFO     ] 2026-07-29 17:31:31,221 Global parallel computation enabled: 168 / 560
yt : [INFO     ] 2026-07-29 17:31:31,223 Global parallel computation enabled: 526 / 560
yt : [INFO     ] 2026-07-29 17:31:31,222 Global parallel computation enabled: 249 / 560
yt : [INFO     ] 2026-07-29 17:31:31,221 Global parallel computation enabled: 379 / 560
yt : [INFO     ] 2026-07-29 17:31:31,221 Global parallel computation enabled: 82 / 560
yt : [INFO     ] 2026-07-29 17:31:31,222 Global parallel computation enabled: 6 / 560
yt : [INFO     ] 2026-07-29 17:31:31,222 Global parallel computation enabled: 450 / 560
yt : [INFO     ] 2026-07-29 17:31:31,222 Global parallel computation enabled: 148 / 560
yt : [INFO     ] 2026-07-29 17:31:31,222 Global parallel computation enabled: 306 / 560
yt : [INFO     ] 2026-07-29 17:31:31,222 Global parallel computation enabled: 408 / 560
yt : [INFO     ] 2026-07-29 17:31:31,222 Global parallel computation enabled: 199 / 560
yt : [INFO     ] 2026-07-29 17:31:31,223 Global parallel computation enabled: 533 / 560
yt : [INFO     ] 2026-07-29 17:31:31,222 Global parallel computation enabled: 251 / 560
yt : [INFO     ] 2026-07-29 17:31:31,221 Global parallel computation enabled: 380 / 560
yt : [INFO     ] 2026-07-29 17:31:31,221 Global parallel computation enabled: 85 / 560
yt : [INFO     ] 2026-07-29 17:31:31,222 Global parallel computation enabled: 7 / 560
yt : [INFO     ] 2026-07-29 17:31:31,222 Global parallel computation enabled: 451 / 560
yt : [INFO     ] 2026-07-29 17:31:31,222 Global parallel computation enabled: 162 / 560
yt : [INFO     ] 2026-07-29 17:31:31,222 Global parallel computation enabled: 320 / 560
yt : [INFO     ] 2026-07-29 17:31:31,222 Global parallel computation enabled: 410 / 560
yt : [INFO     ] 2026-07-29 17:31:31,221 Global parallel computation enabled: 198 / 560
yt : [INFO     ] 2026-07-29 17:31:31,223 Global parallel computation enabled: 535 / 560
yt : [INFO     ] 2026-07-29 17:31:31,222 Global parallel computation enabled: 254 / 560
yt : [INFO     ] 2026-07-29 17:31:31,221 Global parallel computation enabled: 337 / 560
yt : [INFO     ] 2026-07-29 17:31:31,221 Global parallel computation enabled: 91 / 560
yt : [INFO     ] 2026-07-29 17:31:31,222 Global parallel computation enabled: 8 / 560
yt : [INFO     ] 2026-07-29 17:31:31,222 Global parallel computation enabled: 453 / 560
yt : [INFO     ] 2026-07-29 17:31:31,222 Global parallel computation enabled: 139 / 560
yt : [INFO     ] 2026-07-29 17:31:31,222 Global parallel computation enabled: 330 / 560
yt : [INFO     ] 2026-07-29 17:31:31,222 Global parallel computation enabled: 412 / 560
yt : [INFO     ] 2026-07-29 17:31:31,222 Global parallel computation enabled: 177 / 560
yt : [INFO     ] 2026-07-29 17:31:31,223 Global parallel computation enabled: 536 / 560
yt : [INFO     ] 2026-07-29 17:31:31,222 Global parallel computation enabled: 260 / 560
yt : [INFO     ] 2026-07-29 17:31:31,221 Global parallel computation enabled: 368 / 560
yt : [INFO     ] 2026-07-29 17:31:31,221 Global parallel computation enabled: 92 / 560
yt : [INFO     ] 2026-07-29 17:31:31,222 Global parallel computation enabled: 9 / 560
yt : [INFO     ] 2026-07-29 17:31:31,222 Global parallel computation enabled: 456 / 560
yt : [INFO     ] 2026-07-29 17:31:31,222 Global parallel computation enabled: 160 / 560
yt : [INFO     ] 2026-07-29 17:31:31,222 Global parallel computation enabled: 323 / 560
yt : [INFO     ] 2026-07-29 17:31:31,222 Global parallel computation enabled: 418 / 560
yt : [INFO     ] 2026-07-29 17:31:31,222 Global parallel computation enabled: 188 / 560
yt : [INFO     ] 2026-07-29 17:31:31,223 Global parallel computation enabled: 551 / 560
yt : [INFO     ] 2026-07-29 17:31:31,222 Global parallel computation enabled: 263 / 560
yt : [INFO     ] 2026-07-29 17:31:31,221 Global parallel computation enabled: 354 / 560
yt : [INFO     ] 2026-07-29 17:31:31,221 Global parallel computation enabled: 95 / 560
yt : [INFO     ] 2026-07-29 17:31:31,222 Global parallel computation enabled: 10 / 560
yt : [INFO     ] 2026-07-29 17:31:31,222 Global parallel computation enabled: 458 / 560
yt : [INFO     ] 2026-07-29 17:31:31,222 Global parallel computation enabled: 161 / 560
yt : [INFO     ] 2026-07-29 17:31:31,223 Global parallel computation enabled: 284 / 560
yt : [INFO     ] 2026-07-29 17:31:31,222 Global parallel computation enabled: 433 / 560
yt : [INFO     ] 2026-07-29 17:31:31,222 Global parallel computation enabled: 171 / 560
yt : [INFO     ] 2026-07-29 17:31:31,223 Global parallel computation enabled: 557 / 560
yt : [INFO     ] 2026-07-29 17:31:31,222 Global parallel computation enabled: 277 / 560
yt : [INFO     ] 2026-07-29 17:31:31,221 Global parallel computation enabled: 384 / 560
yt : [INFO     ] 2026-07-29 17:31:31,221 Global parallel computation enabled: 97 / 560
yt : [INFO     ] 2026-07-29 17:31:31,222 Global parallel computation enabled: 11 / 560
yt : [INFO     ] 2026-07-29 17:31:31,222 Global parallel computation enabled: 459 / 560
yt : [INFO     ] 2026-07-29 17:31:31,222 Global parallel computation enabled: 131 / 560
yt : [INFO     ] 2026-07-29 17:31:31,223 Global parallel computation enabled: 292 / 560
yt : [INFO     ] 2026-07-29 17:31:31,222 Global parallel computation enabled: 435 / 560
yt : [INFO     ] 2026-07-29 17:31:31,222 Global parallel computation enabled: 175 / 560
yt : [INFO     ] 2026-07-29 17:31:31,223 Global parallel computation enabled: 558 / 560
yt : [INFO     ] 2026-07-29 17:31:31,222 Global parallel computation enabled: 224 / 560
yt : [INFO     ] 2026-07-29 17:31:31,221 Global parallel computation enabled: 367 / 560
yt : [INFO     ] 2026-07-29 17:31:31,221 Global parallel computation enabled: 105 / 560
yt : [INFO     ] 2026-07-29 17:31:31,222 Global parallel computation enabled: 12 / 560
yt : [INFO     ] 2026-07-29 17:31:31,222 Global parallel computation enabled: 460 / 560
yt : [INFO     ] 2026-07-29 17:31:31,222 Global parallel computation enabled: 127 / 560
yt : [INFO     ] 2026-07-29 17:31:31,222 Global parallel computation enabled: 317 / 560
yt : [INFO     ] 2026-07-29 17:31:31,222 Global parallel computation enabled: 436 / 560
yt : [INFO     ] 2026-07-29 17:31:31,222 Global parallel computation enabled: 195 / 560
yt : [INFO     ] 2026-07-29 17:31:31,223 Global parallel computation enabled: 505 / 560
yt : [INFO     ] 2026-07-29 17:31:31,222 Global parallel computation enabled: 225 / 560
yt : [INFO     ] 2026-07-29 17:31:31,221 Global parallel computation enabled: 338 / 560
yt : [INFO     ] 2026-07-29 17:31:31,221 Global parallel computation enabled: 56 / 560
yt : [INFO     ] 2026-07-29 17:31:31,222 Global parallel computation enabled: 13 / 560
yt : [INFO     ] 2026-07-29 17:31:31,222 Global parallel computation enabled: 462 / 560
yt : [INFO     ] 2026-07-29 17:31:31,222 Global parallel computation enabled: 134 / 560
yt : [INFO     ] 2026-07-29 17:31:31,223 Global parallel computation enabled: 313 / 560
yt : [INFO     ] 2026-07-29 17:31:31,222 Global parallel computation enabled: 393 / 560
yt : [INFO     ] 2026-07-29 17:31:31,222 Global parallel computation enabled: 204 / 560
yt : [INFO     ] 2026-07-29 17:31:31,223 Global parallel computation enabled: 508 / 560
yt : [INFO     ] 2026-07-29 17:31:31,222 Global parallel computation enabled: 226 / 560
yt : [INFO     ] 2026-07-29 17:31:31,221 Global parallel computation enabled: 376 / 560
yt : [INFO     ] 2026-07-29 17:31:31,221 Global parallel computation enabled: 62 / 560
yt : [INFO     ] 2026-07-29 17:31:31,222 Global parallel computation enabled: 14 / 560
yt : [INFO     ] 2026-07-29 17:31:31,222 Global parallel computation enabled: 464 / 560
yt : [INFO     ] 2026-07-29 17:31:31,222 Global parallel computation enabled: 158 / 560
yt : [INFO     ] 2026-07-29 17:31:31,223 Global parallel computation enabled: 291 / 560
yt : [INFO     ] 2026-07-29 17:31:31,222 Global parallel computation enabled: 398 / 560
yt : [INFO     ] 2026-07-29 17:31:31,222 Global parallel computation enabled: 213 / 560
yt : [INFO     ] 2026-07-29 17:31:31,223 Global parallel computation enabled: 510 / 560
yt : [INFO     ] 2026-07-29 17:31:31,222 Global parallel computation enabled: 228 / 560
yt : [INFO     ] 2026-07-29 17:31:31,221 Global parallel computation enabled: 339 / 560
yt : [INFO     ] 2026-07-29 17:31:31,221 Global parallel computation enabled: 73 / 560
yt : [INFO     ] 2026-07-29 17:31:31,222 Global parallel computation enabled: 15 / 560
yt : [INFO     ] 2026-07-29 17:31:31,222 Global parallel computation enabled: 465 / 560
yt : [INFO     ] 2026-07-29 17:31:31,222 Global parallel computation enabled: 123 / 560
yt : [INFO     ] 2026-07-29 17:31:31,223 Global parallel computation enabled: 300 / 560
yt : [INFO     ] 2026-07-29 17:31:31,222 Global parallel computation enabled: 399 / 560
yt : [INFO     ] 2026-07-29 17:31:31,222 Global parallel computation enabled: 205 / 560
yt : [INFO     ] 2026-07-29 17:31:31,223 Global parallel computation enabled: 511 / 560
yt : [INFO     ] 2026-07-29 17:31:31,222 Global parallel computation enabled: 229 / 560
yt : [INFO     ] 2026-07-29 17:31:31,221 Global parallel computation enabled: 341 / 560
yt : [INFO     ] 2026-07-29 17:31:31,221 Global parallel computation enabled: 77 / 560
yt : [INFO     ] 2026-07-29 17:31:31,222 Global parallel computation enabled: 16 / 560
yt : [INFO     ] 2026-07-29 17:31:31,222 Global parallel computation enabled: 466 / 560
yt : [INFO     ] 2026-07-29 17:31:31,222 Global parallel computation enabled: 130 / 560
yt : [INFO     ] 2026-07-29 17:31:31,223 Global parallel computation enabled: 307 / 560
yt : [INFO     ] 2026-07-29 17:31:31,222 Global parallel computation enabled: 401 / 560
yt : [INFO     ] 2026-07-29 17:31:31,222 Global parallel computation enabled: 179 / 560
yt : [INFO     ] 2026-07-29 17:31:31,223 Global parallel computation enabled: 512 / 560
yt : [INFO     ] 2026-07-29 17:31:31,222 Global parallel computation enabled: 230 / 560
yt : [INFO     ] 2026-07-29 17:31:31,221 Global parallel computation enabled: 391 / 560
yt : [INFO     ] 2026-07-29 17:31:31,221 Global parallel computation enabled: 81 / 560
yt : [INFO     ] 2026-07-29 17:31:31,222 Global parallel computation enabled: 17 / 560
yt : [INFO     ] 2026-07-29 17:31:31,222 Global parallel computation enabled: 467 / 560
yt : [INFO     ] 2026-07-29 17:31:31,222 Global parallel computation enabled: 143 / 560
yt : [INFO     ] 2026-07-29 17:31:31,223 Global parallel computation enabled: 309 / 560
yt : [INFO     ] 2026-07-29 17:31:31,222 Global parallel computation enabled: 405 / 560
yt : [INFO     ] 2026-07-29 17:31:31,222 Global parallel computation enabled: 184 / 560
yt : [INFO     ] 2026-07-29 17:31:31,223 Global parallel computation enabled: 517 / 560
yt : [INFO     ] 2026-07-29 17:31:31,222 Global parallel computation enabled: 232 / 560
yt : [INFO     ] 2026-07-29 17:31:31,221 Global parallel computation enabled: 369 / 560
yt : [INFO     ] 2026-07-29 17:31:31,221 Global parallel computation enabled: 89 / 560
yt : [INFO     ] 2026-07-29 17:31:31,222 Global parallel computation enabled: 18 / 560
yt : [INFO     ] 2026-07-29 17:31:31,222 Global parallel computation enabled: 468 / 560
yt : [INFO     ] 2026-07-29 17:31:31,222 Global parallel computation enabled: 146 / 560
yt : [INFO     ] 2026-07-29 17:31:31,223 Global parallel computation enabled: 322 / 560
yt : [INFO     ] 2026-07-29 17:31:31,222 Global parallel computation enabled: 406 / 560
yt : [INFO     ] 2026-07-29 17:31:31,222 Global parallel computation enabled: 192 / 560
yt : [INFO     ] 2026-07-29 17:31:31,223 Global parallel computation enabled: 518 / 560
yt : [INFO     ] 2026-07-29 17:31:31,222 Global parallel computation enabled: 234 / 560
yt : [INFO     ] 2026-07-29 17:31:31,221 Global parallel computation enabled: 350 / 560
yt : [INFO     ] 2026-07-29 17:31:31,221 Global parallel computation enabled: 90 / 560
yt : [INFO     ] 2026-07-29 17:31:31,221 Global parallel computation enabled: 19 / 560
yt : [INFO     ] 2026-07-29 17:31:31,222 Global parallel computation enabled: 469 / 560
yt : [INFO     ] 2026-07-29 17:31:31,222 Global parallel computation enabled: 119 / 560
yt : [INFO     ] 2026-07-29 17:31:31,223 Global parallel computation enabled: 324 / 560
yt : [INFO     ] 2026-07-29 17:31:31,222 Global parallel computation enabled: 407 / 560
yt : [INFO     ] 2026-07-29 17:31:31,222 Global parallel computation enabled: 217 / 560
yt : [INFO     ] 2026-07-29 17:31:31,223 Global parallel computation enabled: 522 / 560
yt : [INFO     ] 2026-07-29 17:31:31,222 Global parallel computation enabled: 235 / 560
yt : [INFO     ] 2026-07-29 17:31:31,221 Global parallel computation enabled: 356 / 560
yt : [INFO     ] 2026-07-29 17:31:31,221 Global parallel computation enabled: 98 / 560
yt : [INFO     ] 2026-07-29 17:31:31,222 Global parallel computation enabled: 20 / 560
yt : [INFO     ] 2026-07-29 17:31:31,222 Global parallel computation enabled: 472 / 560
yt : [INFO     ] 2026-07-29 17:31:31,222 Global parallel computation enabled: 125 / 560
yt : [INFO     ] 2026-07-29 17:31:31,223 Global parallel computation enabled: 281 / 560
yt : [INFO     ] 2026-07-29 17:31:31,222 Global parallel computation enabled: 409 / 560
yt : [INFO     ] 2026-07-29 17:31:31,222 Global parallel computation enabled: 176 / 560
yt : [INFO     ] 2026-07-29 17:31:31,223 Global parallel computation enabled: 523 / 560
yt : [INFO     ] 2026-07-29 17:31:31,222 Global parallel computation enabled: 236 / 560
yt : [INFO     ] 2026-07-29 17:31:31,221 Global parallel computation enabled: 371 / 560
yt : [INFO     ] 2026-07-29 17:31:31,221 Global parallel computation enabled: 100 / 560
yt : [INFO     ] 2026-07-29 17:31:31,222 Global parallel computation enabled: 21 / 560
yt : [INFO     ] 2026-07-29 17:31:31,222 Global parallel computation enabled: 473 / 560
yt : [INFO     ] 2026-07-29 17:31:31,222 Global parallel computation enabled: 126 / 560
yt : [INFO     ] 2026-07-29 17:31:31,223 Global parallel computation enabled: 289 / 560
yt : [INFO     ] 2026-07-29 17:31:31,222 Global parallel computation enabled: 414 / 560
yt : [INFO     ] 2026-07-29 17:31:31,222 Global parallel computation enabled: 200 / 560
yt : [INFO     ] 2026-07-29 17:31:31,223 Global parallel computation enabled: 524 / 560
yt : [INFO     ] 2026-07-29 17:31:31,222 Global parallel computation enabled: 237 / 560
yt : [INFO     ] 2026-07-29 17:31:31,221 Global parallel computation enabled: 386 / 560
yt : [INFO     ] 2026-07-29 17:31:31,221 Global parallel computation enabled: 104 / 560
yt : [INFO     ] 2026-07-29 17:31:31,222 Global parallel computation enabled: 22 / 560
yt : [INFO     ] 2026-07-29 17:31:31,222 Global parallel computation enabled: 474 / 560
yt : [INFO     ] 2026-07-29 17:31:31,222 Global parallel computation enabled: 129 / 560
yt : [INFO     ] 2026-07-29 17:31:31,223 Global parallel computation enabled: 293 / 560
yt : [INFO     ] 2026-07-29 17:31:31,222 Global parallel computation enabled: 417 / 560
yt : [INFO     ] 2026-07-29 17:31:31,222 Global parallel computation enabled: 170 / 560
yt : [INFO     ] 2026-07-29 17:31:31,223 Global parallel computation enabled: 525 / 560
yt : [INFO     ] 2026-07-29 17:31:31,222 Global parallel computation enabled: 239 / 560
yt : [INFO     ] 2026-07-29 17:31:31,221 Global parallel computation enabled: 387 / 560
yt : [INFO     ] 2026-07-29 17:31:31,221 Global parallel computation enabled: 106 / 560
yt : [INFO     ] 2026-07-29 17:31:31,222 Global parallel computation enabled: 23 / 560
yt : [INFO     ] 2026-07-29 17:31:31,222 Global parallel computation enabled: 475 / 560
yt : [INFO     ] 2026-07-29 17:31:31,222 Global parallel computation enabled: 166 / 560
yt : [INFO     ] 2026-07-29 17:31:31,223 Global parallel computation enabled: 296 / 560
yt : [INFO     ] 2026-07-29 17:31:31,222 Global parallel computation enabled: 419 / 560
yt : [INFO     ] 2026-07-29 17:31:31,222 Global parallel computation enabled: 181 / 560
yt : [INFO     ] 2026-07-29 17:31:31,223 Global parallel computation enabled: 529 / 560
yt : [INFO     ] 2026-07-29 17:31:31,222 Global parallel computation enabled: 241 / 560
yt : [INFO     ] 2026-07-29 17:31:31,221 Global parallel computation enabled: 345 / 560
yt : [INFO     ] 2026-07-29 17:31:31,221 Global parallel computation enabled: 67 / 560
yt : [INFO     ] 2026-07-29 17:31:31,222 Global parallel computation enabled: 24 / 560
yt : [INFO     ] 2026-07-29 17:31:31,222 Global parallel computation enabled: 476 / 560
yt : [INFO     ] 2026-07-29 17:31:31,222 Global parallel computation enabled: 167 / 560
yt : [INFO     ] 2026-07-29 17:31:31,223 Global parallel computation enabled: 303 / 560
yt : [INFO     ] 2026-07-29 17:31:31,222 Global parallel computation enabled: 422 / 560
yt : [INFO     ] 2026-07-29 17:31:31,222 Global parallel computation enabled: 197 / 560
yt : [INFO     ] 2026-07-29 17:31:31,223 Global parallel computation enabled: 530 / 560
yt : [INFO     ] 2026-07-29 17:31:31,222 Global parallel computation enabled: 242 / 560
yt : [INFO     ] 2026-07-29 17:31:31,221 Global parallel computation enabled: 353 / 560
yt : [INFO     ] 2026-07-29 17:31:31,221 Global parallel computation enabled: 69 / 560
yt : [INFO     ] 2026-07-29 17:31:31,222 Global parallel computation enabled: 25 / 560
yt : [INFO     ] 2026-07-29 17:31:31,222 Global parallel computation enabled: 478 / 560
yt : [INFO     ] 2026-07-29 17:31:31,222 Global parallel computation enabled: 137 / 560
yt : [INFO     ] 2026-07-29 17:31:31,223 Global parallel computation enabled: 304 / 560
yt : [INFO     ] 2026-07-29 17:31:31,222 Global parallel computation enabled: 425 / 560
yt : [INFO     ] 2026-07-29 17:31:31,222 Global parallel computation enabled: 212 / 560
yt : [INFO     ] 2026-07-29 17:31:31,223 Global parallel computation enabled: 539 / 560
yt : [INFO     ] 2026-07-29 17:31:31,222 Global parallel computation enabled: 244 / 560
yt : [INFO     ] 2026-07-29 17:31:31,221 Global parallel computation enabled: 359 / 560
yt : [INFO     ] 2026-07-29 17:31:31,221 Global parallel computation enabled: 86 / 560
yt : [INFO     ] 2026-07-29 17:31:31,222 Global parallel computation enabled: 26 / 560
yt : [INFO     ] 2026-07-29 17:31:31,222 Global parallel computation enabled: 479 / 560
yt : [INFO     ] 2026-07-29 17:31:31,222 Global parallel computation enabled: 138 / 560
yt : [INFO     ] 2026-07-29 17:31:31,223 Global parallel computation enabled: 334 / 560
yt : [INFO     ] 2026-07-29 17:31:31,222 Global parallel computation enabled: 426 / 560
yt : [INFO     ] 2026-07-29 17:31:31,222 Global parallel computation enabled: 183 / 560
yt : [INFO     ] 2026-07-29 17:31:31,223 Global parallel computation enabled: 542 / 560
yt : [INFO     ] 2026-07-29 17:31:31,222 Global parallel computation enabled: 245 / 560
yt : [INFO     ] 2026-07-29 17:31:31,221 Global parallel computation enabled: 377 / 560
yt : [INFO     ] 2026-07-29 17:31:31,221 Global parallel computation enabled: 101 / 560
yt : [INFO     ] 2026-07-29 17:31:31,222 Global parallel computation enabled: 27 / 560
yt : [INFO     ] 2026-07-29 17:31:31,222 Global parallel computation enabled: 481 / 560
yt : [INFO     ] 2026-07-29 17:31:31,222 Global parallel computation enabled: 155 / 560
yt : [INFO     ] 2026-07-29 17:31:31,223 Global parallel computation enabled: 285 / 560
yt : [INFO     ] 2026-07-29 17:31:31,222 Global parallel computation enabled: 432 / 560
yt : [INFO     ] 2026-07-29 17:31:31,222 Global parallel computation enabled: 189 / 560
yt : [INFO     ] 2026-07-29 17:31:31,223 Global parallel computation enabled: 543 / 560
yt : [INFO     ] 2026-07-29 17:31:31,222 Global parallel computation enabled: 246 / 560
yt : [INFO     ] 2026-07-29 17:31:31,221 Global parallel computation enabled: 378 / 560
yt : [INFO     ] 2026-07-29 17:31:31,221 Global parallel computation enabled: 103 / 560
yt : [INFO     ] 2026-07-29 17:31:31,222 Global parallel computation enabled: 28 / 560
yt : [INFO     ] 2026-07-29 17:31:31,222 Global parallel computation enabled: 483 / 560
yt : [INFO     ] 2026-07-29 17:31:31,222 Global parallel computation enabled: 164 / 560
yt : [INFO     ] 2026-07-29 17:31:31,223 Global parallel computation enabled: 294 / 560
yt : [INFO     ] 2026-07-29 17:31:31,222 Global parallel computation enabled: 434 / 560
yt : [INFO     ] 2026-07-29 17:31:31,222 Global parallel computation enabled: 202 / 560
yt : [INFO     ] 2026-07-29 17:31:31,223 Global parallel computation enabled: 544 / 560
yt : [INFO     ] 2026-07-29 17:31:31,222 Global parallel computation enabled: 247 / 560
yt : [INFO     ] 2026-07-29 17:31:31,221 Global parallel computation enabled: 385 / 560
yt : [INFO     ] 2026-07-29 17:31:31,221 Global parallel computation enabled: 84 / 560
yt : [INFO     ] 2026-07-29 17:31:31,222 Global parallel computation enabled: 29 / 560
yt : [INFO     ] 2026-07-29 17:31:31,222 Global parallel computation enabled: 485 / 560
yt : [INFO     ] 2026-07-29 17:31:31,222 Global parallel computation enabled: 132 / 560
yt : [INFO     ] 2026-07-29 17:31:31,223 Global parallel computation enabled: 297 / 560
yt : [INFO     ] 2026-07-29 17:31:31,222 Global parallel computation enabled: 439 / 560
yt : [INFO     ] 2026-07-29 17:31:31,222 Global parallel computation enabled: 207 / 560
yt : [INFO     ] 2026-07-29 17:31:31,223 Global parallel computation enabled: 545 / 560
yt : [INFO     ] 2026-07-29 17:31:31,222 Global parallel computation enabled: 248 / 560
yt : [INFO     ] 2026-07-29 17:31:31,221 Global parallel computation enabled: 342 / 560
yt : [INFO     ] 2026-07-29 17:31:31,221 Global parallel computation enabled: 57 / 560
yt : [INFO     ] 2026-07-29 17:31:31,222 Global parallel computation enabled: 30 / 560
yt : [INFO     ] 2026-07-29 17:31:31,222 Global parallel computation enabled: 486 / 560
yt : [INFO     ] 2026-07-29 17:31:31,222 Global parallel computation enabled: 133 / 560
yt : [INFO     ] 2026-07-29 17:31:31,223 Global parallel computation enabled: 308 / 560
yt : [INFO     ] 2026-07-29 17:31:31,222 Global parallel computation enabled: 441 / 560
yt : [INFO     ] 2026-07-29 17:31:31,222 Global parallel computation enabled: 216 / 560
yt : [INFO     ] 2026-07-29 17:31:31,223 Global parallel computation enabled: 546 / 560
yt : [INFO     ] 2026-07-29 17:31:31,222 Global parallel computation enabled: 250 / 560
yt : [INFO     ] 2026-07-29 17:31:31,221 Global parallel computation enabled: 343 / 560
yt : [INFO     ] 2026-07-29 17:31:31,221 Global parallel computation enabled: 58 / 560
yt : [INFO     ] 2026-07-29 17:31:31,222 Global parallel computation enabled: 31 / 560
yt : [INFO     ] 2026-07-29 17:31:31,222 Global parallel computation enabled: 487 / 560
yt : [INFO     ] 2026-07-29 17:31:31,222 Global parallel computation enabled: 142 / 560
yt : [INFO     ] 2026-07-29 17:31:31,223 Global parallel computation enabled: 321 / 560
yt : [INFO     ] 2026-07-29 17:31:31,222 Global parallel computation enabled: 442 / 560
yt : [INFO     ] 2026-07-29 17:31:31,222 Global parallel computation enabled: 218 / 560
yt : [INFO     ] 2026-07-29 17:31:31,223 Global parallel computation enabled: 548 / 560
yt : [INFO     ] 2026-07-29 17:31:31,222 Global parallel computation enabled: 252 / 560
yt : [INFO     ] 2026-07-29 17:31:31,221 Global parallel computation enabled: 355 / 560
yt : [INFO     ] 2026-07-29 17:31:31,221 Global parallel computation enabled: 59 / 560
yt : [INFO     ] 2026-07-29 17:31:31,222 Global parallel computation enabled: 32 / 560
yt : [INFO     ] 2026-07-29 17:31:31,222 Global parallel computation enabled: 488 / 560
yt : [INFO     ] 2026-07-29 17:31:31,222 Global parallel computation enabled: 147 / 560
yt : [INFO     ] 2026-07-29 17:31:31,223 Global parallel computation enabled: 335 / 560
yt : [INFO     ] 2026-07-29 17:31:31,222 Global parallel computation enabled: 446 / 560
yt : [INFO     ] 2026-07-29 17:31:31,222 Global parallel computation enabled: 220 / 560
yt : [INFO     ] 2026-07-29 17:31:31,223 Global parallel computation enabled: 553 / 560
yt : [INFO     ] 2026-07-29 17:31:31,222 Global parallel computation enabled: 253 / 560
yt : [INFO     ] 2026-07-29 17:31:31,221 Global parallel computation enabled: 366 / 560
yt : [INFO     ] 2026-07-29 17:31:31,221 Global parallel computation enabled: 60 / 560
yt : [INFO     ] 2026-07-29 17:31:31,222 Global parallel computation enabled: 33 / 560
yt : [INFO     ] 2026-07-29 17:31:31,222 Global parallel computation enabled: 489 / 560
yt : [INFO     ] 2026-07-29 17:31:31,222 Global parallel computation enabled: 150 / 560
yt : [INFO     ] 2026-07-29 17:31:31,223 Global parallel computation enabled: 286 / 560
yt : [INFO     ] 2026-07-29 17:31:31,222 Global parallel computation enabled: 396 / 560
yt : [INFO     ] 2026-07-29 17:31:31,222 Global parallel computation enabled: 221 / 560
yt : [INFO     ] 2026-07-29 17:31:31,223 Global parallel computation enabled: 555 / 560
yt : [INFO     ] 2026-07-29 17:31:31,222 Global parallel computation enabled: 255 / 560
yt : [INFO     ] 2026-07-29 17:31:31,221 Global parallel computation enabled: 370 / 560
yt : [INFO     ] 2026-07-29 17:31:31,221 Global parallel computation enabled: 61 / 560
yt : [INFO     ] 2026-07-29 17:31:31,222 Global parallel computation enabled: 34 / 560
yt : [INFO     ] 2026-07-29 17:31:31,222 Global parallel computation enabled: 491 / 560
yt : [INFO     ] 2026-07-29 17:31:31,222 Global parallel computation enabled: 151 / 560
yt : [INFO     ] 2026-07-29 17:31:31,223 Global parallel computation enabled: 301 / 560
yt : [INFO     ] 2026-07-29 17:31:31,222 Global parallel computation enabled: 400 / 560
yt : [INFO     ] 2026-07-29 17:31:31,222 Global parallel computation enabled: 182 / 560
yt : [INFO     ] 2026-07-29 17:31:31,223 Global parallel computation enabled: 556 / 560
yt : [INFO     ] 2026-07-29 17:31:31,222 Global parallel computation enabled: 256 / 560
yt : [INFO     ] 2026-07-29 17:31:31,221 Global parallel computation enabled: 374 / 560
yt : [INFO     ] 2026-07-29 17:31:31,221 Global parallel computation enabled: 63 / 560
yt : [INFO     ] 2026-07-29 17:31:31,222 Global parallel computation enabled: 35 / 560
yt : [INFO     ] 2026-07-29 17:31:31,222 Global parallel computation enabled: 494 / 560
yt : [INFO     ] 2026-07-29 17:31:31,222 Global parallel computation enabled: 152 / 560
yt : [INFO     ] 2026-07-29 17:31:31,223 Global parallel computation enabled: 312 / 560
yt : [INFO     ] 2026-07-29 17:31:31,222 Global parallel computation enabled: 402 / 560
yt : [INFO     ] 2026-07-29 17:31:31,222 Global parallel computation enabled: 208 / 560
yt : [INFO     ] 2026-07-29 17:31:31,223 Global parallel computation enabled: 531 / 560
yt : [INFO     ] 2026-07-29 17:31:31,222 Global parallel computation enabled: 257 / 560
yt : [INFO     ] 2026-07-29 17:31:31,221 Global parallel computation enabled: 383 / 560
yt : [INFO     ] 2026-07-29 17:31:31,221 Global parallel computation enabled: 64 / 560
yt : [INFO     ] 2026-07-29 17:31:31,222 Global parallel computation enabled: 36 / 560
yt : [INFO     ] 2026-07-29 17:31:31,222 Global parallel computation enabled: 495 / 560
yt : [INFO     ] 2026-07-29 17:31:31,222 Global parallel computation enabled: 153 / 560
yt : [INFO     ] 2026-07-29 17:31:31,223 Global parallel computation enabled: 319 / 560
yt : [INFO     ] 2026-07-29 17:31:31,222 Global parallel computation enabled: 411 / 560
yt : [INFO     ] 2026-07-29 17:31:31,222 Global parallel computation enabled: 209 / 560
yt : [INFO     ] 2026-07-29 17:31:31,223 Global parallel computation enabled: 532 / 560
yt : [INFO     ] 2026-07-29 17:31:31,222 Global parallel computation enabled: 258 / 560
yt : [INFO     ] 2026-07-29 17:31:31,221 Global parallel computation enabled: 388 / 560
yt : [INFO     ] 2026-07-29 17:31:31,221 Global parallel computation enabled: 65 / 560
yt : [INFO     ] 2026-07-29 17:31:31,222 Global parallel computation enabled: 37 / 560
yt : [INFO     ] 2026-07-29 17:31:31,222 Global parallel computation enabled: 496 / 560
yt : [INFO     ] 2026-07-29 17:31:31,222 Global parallel computation enabled: 154 / 560
yt : [INFO     ] 2026-07-29 17:31:31,223 Global parallel computation enabled: 325 / 560
yt : [INFO     ] 2026-07-29 17:31:31,222 Global parallel computation enabled: 416 / 560
yt : [INFO     ] 2026-07-29 17:31:31,222 Global parallel computation enabled: 210 / 560
yt : [INFO     ] 2026-07-29 17:31:31,223 Global parallel computation enabled: 540 / 560
yt : [INFO     ] 2026-07-29 17:31:31,222 Global parallel computation enabled: 264 / 560
yt : [INFO     ] 2026-07-29 17:31:31,221 Global parallel computation enabled: 389 / 560
yt : [INFO     ] 2026-07-29 17:31:31,221 Global parallel computation enabled: 66 / 560
yt : [INFO     ] 2026-07-29 17:31:31,222 Global parallel computation enabled: 38 / 560
yt : [INFO     ] 2026-07-29 17:31:31,222 Global parallel computation enabled: 498 / 560
yt : [INFO     ] 2026-07-29 17:31:31,222 Global parallel computation enabled: 159 / 560
yt : [INFO     ] 2026-07-29 17:31:31,223 Global parallel computation enabled: 326 / 560
yt : [INFO     ] 2026-07-29 17:31:31,222 Global parallel computation enabled: 421 / 560
yt : [INFO     ] 2026-07-29 17:31:31,222 Global parallel computation enabled: 214 / 560
yt : [INFO     ] 2026-07-29 17:31:31,223 Global parallel computation enabled: 507 / 560
yt : [INFO     ] 2026-07-29 17:31:31,222 Global parallel computation enabled: 265 / 560
yt : [INFO     ] 2026-07-29 17:31:31,221 Global parallel computation enabled: 346 / 560
yt : [INFO     ] 2026-07-29 17:31:31,221 Global parallel computation enabled: 68 / 560
yt : [INFO     ] 2026-07-29 17:31:31,222 Global parallel computation enabled: 39 / 560
yt : [INFO     ] 2026-07-29 17:31:31,222 Global parallel computation enabled: 499 / 560
yt : [INFO     ] 2026-07-29 17:31:31,222 Global parallel computation enabled: 165 / 560
yt : [INFO     ] 2026-07-29 17:31:31,223 Global parallel computation enabled: 298 / 560
yt : [INFO     ] 2026-07-29 17:31:31,222 Global parallel computation enabled: 424 / 560
yt : [INFO     ] 2026-07-29 17:31:31,222 Global parallel computation enabled: 215 / 560
yt : [INFO     ] 2026-07-29 17:31:31,223 Global parallel computation enabled: 554 / 560
yt : [INFO     ] 2026-07-29 17:31:31,222 Global parallel computation enabled: 266 / 560
yt : [INFO     ] 2026-07-29 17:31:31,221 Global parallel computation enabled: 347 / 560
yt : [INFO     ] 2026-07-29 17:31:31,221 Global parallel computation enabled: 70 / 560
yt : [INFO     ] 2026-07-29 17:31:31,222 Global parallel computation enabled: 40 / 560
yt : [INFO     ] 2026-07-29 17:31:31,222 Global parallel computation enabled: 502 / 560
yt : [INFO     ] 2026-07-29 17:31:31,222 Global parallel computation enabled: 114 / 560
yt : [INFO     ] 2026-07-29 17:31:31,223 Global parallel computation enabled: 318 / 560
yt : [INFO     ] 2026-07-29 17:31:31,222 Global parallel computation enabled: 427 / 560
yt : [INFO     ] 2026-07-29 17:31:31,222 Global parallel computation enabled: 222 / 560
yt : [INFO     ] 2026-07-29 17:31:31,223 Global parallel computation enabled: 528 / 560
yt : [INFO     ] 2026-07-29 17:31:31,222 Global parallel computation enabled: 268 / 560
yt : [INFO     ] 2026-07-29 17:31:31,221 Global parallel computation enabled: 349 / 560
yt : [INFO     ] 2026-07-29 17:31:31,221 Global parallel computation enabled: 72 / 560
yt : [INFO     ] 2026-07-29 17:31:31,222 Global parallel computation enabled: 41 / 560
yt : [INFO     ] 2026-07-29 17:31:31,222 Global parallel computation enabled: 503 / 560
yt : [INFO     ] 2026-07-29 17:31:31,222 Global parallel computation enabled: 116 / 560
yt : [INFO     ] 2026-07-29 17:31:31,223 Global parallel computation enabled: 327 / 560
yt : [INFO     ] 2026-07-29 17:31:31,222 Global parallel computation enabled: 429 / 560
yt : [INFO     ] 2026-07-29 17:31:31,222 Global parallel computation enabled: 185 / 560
yt : [INFO     ] 2026-07-29 17:31:31,223 Global parallel computation enabled: 552 / 560
yt : [INFO     ] 2026-07-29 17:31:31,222 Global parallel computation enabled: 269 / 560
yt : [INFO     ] 2026-07-29 17:31:31,221 Global parallel computation enabled: 351 / 560
yt : [INFO     ] 2026-07-29 17:31:31,221 Global parallel computation enabled: 74 / 560
yt : [INFO     ] 2026-07-29 17:31:31,222 Global parallel computation enabled: 42 / 560
yt : [INFO     ] 2026-07-29 17:31:31,222 Global parallel computation enabled: 457 / 560
yt : [INFO     ] 2026-07-29 17:31:31,222 Global parallel computation enabled: 117 / 560
yt : [INFO     ] 2026-07-29 17:31:31,223 Global parallel computation enabled: 332 / 560
yt : [INFO     ] 2026-07-29 17:31:31,222 Global parallel computation enabled: 430 / 560
yt : [INFO     ] 2026-07-29 17:31:31,222 Global parallel computation enabled: 201 / 560
yt : [INFO     ] 2026-07-29 17:31:31,223 Global parallel computation enabled: 513 / 560
yt : [INFO     ] 2026-07-29 17:31:31,222 Global parallel computation enabled: 270 / 560
yt : [INFO     ] 2026-07-29 17:31:31,221 Global parallel computation enabled: 357 / 560
yt : [INFO     ] 2026-07-29 17:31:31,221 Global parallel computation enabled: 75 / 560
yt : [INFO     ] 2026-07-29 17:31:31,222 Global parallel computation enabled: 43 / 560
yt : [INFO     ] 2026-07-29 17:31:31,222 Global parallel computation enabled: 463 / 560
yt : [INFO     ] 2026-07-29 17:31:31,222 Global parallel computation enabled: 121 / 560
yt : [INFO     ] 2026-07-29 17:31:31,223 Global parallel computation enabled: 290 / 560
yt : [INFO     ] 2026-07-29 17:31:31,222 Global parallel computation enabled: 431 / 560
yt : [INFO     ] 2026-07-29 17:31:31,222 Global parallel computation enabled: 203 / 560
yt : [INFO     ] 2026-07-29 17:31:31,223 Global parallel computation enabled: 519 / 560
yt : [INFO     ] 2026-07-29 17:31:31,222 Global parallel computation enabled: 271 / 560
yt : [INFO     ] 2026-07-29 17:31:31,221 Global parallel computation enabled: 358 / 560
yt : [INFO     ] 2026-07-29 17:31:31,221 Global parallel computation enabled: 79 / 560
yt : [INFO     ] 2026-07-29 17:31:31,222 Global parallel computation enabled: 44 / 560
yt : [INFO     ] 2026-07-29 17:31:31,222 Global parallel computation enabled: 470 / 560
yt : [INFO     ] 2026-07-29 17:31:31,222 Global parallel computation enabled: 128 / 560
yt : [INFO     ] 2026-07-29 17:31:31,223 Global parallel computation enabled: 295 / 560
yt : [INFO     ] 2026-07-29 17:31:31,222 Global parallel computation enabled: 438 / 560
yt : [INFO     ] 2026-07-29 17:31:31,222 Global parallel computation enabled: 169 / 560
yt : [INFO     ] 2026-07-29 17:31:31,223 Global parallel computation enabled: 527 / 560
yt : [INFO     ] 2026-07-29 17:31:31,222 Global parallel computation enabled: 272 / 560
yt : [INFO     ] 2026-07-29 17:31:31,221 Global parallel computation enabled: 362 / 560
yt : [INFO     ] 2026-07-29 17:31:31,221 Global parallel computation enabled: 80 / 560
yt : [INFO     ] 2026-07-29 17:31:31,222 Global parallel computation enabled: 45 / 560
yt : [INFO     ] 2026-07-29 17:31:31,222 Global parallel computation enabled: 480 / 560
yt : [INFO     ] 2026-07-29 17:31:31,222 Global parallel computation enabled: 136 / 560
yt : [INFO     ] 2026-07-29 17:31:31,223 Global parallel computation enabled: 310 / 560
yt : [INFO     ] 2026-07-29 17:31:31,222 Global parallel computation enabled: 440 / 560
yt : [INFO     ] 2026-07-29 17:31:31,222 Global parallel computation enabled: 191 / 560
yt : [INFO     ] 2026-07-29 17:31:31,223 Global parallel computation enabled: 538 / 560
yt : [INFO     ] 2026-07-29 17:31:31,222 Global parallel computation enabled: 273 / 560
yt : [INFO     ] 2026-07-29 17:31:31,221 Global parallel computation enabled: 363 / 560
yt : [INFO     ] 2026-07-29 17:31:31,221 Global parallel computation enabled: 83 / 560
yt : [INFO     ] 2026-07-29 17:31:31,222 Global parallel computation enabled: 46 / 560
yt : [INFO     ] 2026-07-29 17:31:31,222 Global parallel computation enabled: 454 / 560
yt : [INFO     ] 2026-07-29 17:31:31,222 Global parallel computation enabled: 144 / 560
yt : [INFO     ] 2026-07-29 17:31:31,223 Global parallel computation enabled: 328 / 560
yt : [INFO     ] 2026-07-29 17:31:31,222 Global parallel computation enabled: 445 / 560
yt : [INFO     ] 2026-07-29 17:31:31,222 Global parallel computation enabled: 193 / 560
yt : [INFO     ] 2026-07-29 17:31:31,223 Global parallel computation enabled: 559 / 560
yt : [INFO     ] 2026-07-29 17:31:31,222 Global parallel computation enabled: 274 / 560
yt : [INFO     ] 2026-07-29 17:31:31,221 Global parallel computation enabled: 364 / 560
yt : [INFO     ] 2026-07-29 17:31:31,221 Global parallel computation enabled: 88 / 560
yt : [INFO     ] 2026-07-29 17:31:31,222 Global parallel computation enabled: 47 / 560
yt : [INFO     ] 2026-07-29 17:31:31,223 Global parallel computation enabled: 449 / 560
yt : [INFO     ] 2026-07-29 17:31:31,222 Global parallel computation enabled: 157 / 560
yt : [INFO     ] 2026-07-29 17:31:31,223 Global parallel computation enabled: 329 / 560
yt : [INFO     ] 2026-07-29 17:31:31,222 Global parallel computation enabled: 443 / 560
yt : [INFO     ] 2026-07-29 17:31:31,222 Global parallel computation enabled: 223 / 560
yt : [INFO     ] 2026-07-29 17:31:31,223 Global parallel computation enabled: 506 / 560
yt : [INFO     ] 2026-07-29 17:31:31,222 Global parallel computation enabled: 275 / 560
yt : [INFO     ] 2026-07-29 17:31:31,221 Global parallel computation enabled: 365 / 560
yt : [INFO     ] 2026-07-29 17:31:31,221 Global parallel computation enabled: 96 / 560
yt : [INFO     ] 2026-07-29 17:31:31,222 Global parallel computation enabled: 48 / 560
yt : [INFO     ] 2026-07-29 17:31:31,223 Global parallel computation enabled: 452 / 560
yt : [INFO     ] 2026-07-29 17:31:31,222 Global parallel computation enabled: 163 / 560
yt : [INFO     ] 2026-07-29 17:31:31,223 Global parallel computation enabled: 331 / 560
yt : [INFO     ] 2026-07-29 17:31:31,222 Global parallel computation enabled: 413 / 560
yt : [INFO     ] 2026-07-29 17:31:31,222 Global parallel computation enabled: 187 / 560
yt : [INFO     ] 2026-07-29 17:31:31,223 Global parallel computation enabled: 534 / 560
yt : [INFO     ] 2026-07-29 17:31:31,222 Global parallel computation enabled: 276 / 560
yt : [INFO     ] 2026-07-29 17:31:31,221 Global parallel computation enabled: 372 / 560
yt : [INFO     ] 2026-07-29 17:31:31,221 Global parallel computation enabled: 99 / 560
yt : [INFO     ] 2026-07-29 17:31:31,222 Global parallel computation enabled: 49 / 560
yt : [INFO     ] 2026-07-29 17:31:31,223 Global parallel computation enabled: 461 / 560
yt : [INFO     ] 2026-07-29 17:31:31,222 Global parallel computation enabled: 156 / 560
yt : [INFO     ] 2026-07-29 17:31:31,223 Global parallel computation enabled: 316 / 560
yt : [INFO     ] 2026-07-29 17:31:31,222 Global parallel computation enabled: 392 / 560
yt : [INFO     ] 2026-07-29 17:31:31,222 Global parallel computation enabled: 172 / 560
yt : [INFO     ] 2026-07-29 17:31:31,223 Global parallel computation enabled: 541 / 560
yt : [INFO     ] 2026-07-29 17:31:31,222 Global parallel computation enabled: 259 / 560
yt : [INFO     ] 2026-07-29 17:31:31,221 Global parallel computation enabled: 373 / 560
yt : [INFO     ] 2026-07-29 17:31:31,221 Global parallel computation enabled: 107 / 560
yt : [INFO     ] 2026-07-29 17:31:31,222 Global parallel computation enabled: 50 / 560
yt : [INFO     ] 2026-07-29 17:31:31,223 Global parallel computation enabled: 477 / 560
yt : [INFO     ] 2026-07-29 17:31:31,222 Global parallel computation enabled: 120 / 560
yt : [INFO     ] 2026-07-29 17:31:31,223 Global parallel computation enabled: 302 / 560
yt : [INFO     ] 2026-07-29 17:31:31,222 Global parallel computation enabled: 397 / 560
yt : [INFO     ] 2026-07-29 17:31:31,222 Global parallel computation enabled: 190 / 560
yt : [INFO     ] 2026-07-29 17:31:31,223 Global parallel computation enabled: 550 / 560
yt : [INFO     ] 2026-07-29 17:31:31,222 Global parallel computation enabled: 262 / 560
yt : [INFO     ] 2026-07-29 17:31:31,221 Global parallel computation enabled: 375 / 560
yt : [INFO     ] 2026-07-29 17:31:31,221 Global parallel computation enabled: 108 / 560
yt : [INFO     ] 2026-07-29 17:31:31,222 Global parallel computation enabled: 51 / 560
yt : [INFO     ] 2026-07-29 17:31:31,223 Global parallel computation enabled: 484 / 560
yt : [INFO     ] 2026-07-29 17:31:31,222 Global parallel computation enabled: 122 / 560
yt : [INFO     ] 2026-07-29 17:31:31,223 Global parallel computation enabled: 311 / 560
yt : [INFO     ] 2026-07-29 17:31:31,222 Global parallel computation enabled: 415 / 560
yt : [INFO     ] 2026-07-29 17:31:31,222 Global parallel computation enabled: 206 / 560
yt : [INFO     ] 2026-07-29 17:31:31,223 Global parallel computation enabled: 547 / 560
yt : [INFO     ] 2026-07-29 17:31:31,222 Global parallel computation enabled: 267 / 560
yt : [INFO     ] 2026-07-29 17:31:31,221 Global parallel computation enabled: 381 / 560
yt : [INFO     ] 2026-07-29 17:31:31,221 Global parallel computation enabled: 109 / 560
yt : [INFO     ] 2026-07-29 17:31:31,222 Global parallel computation enabled: 52 / 560
yt : [INFO     ] 2026-07-29 17:31:31,223 Global parallel computation enabled: 492 / 560
yt : [INFO     ] 2026-07-29 17:31:31,222 Global parallel computation enabled: 141 / 560
yt : [INFO     ] 2026-07-29 17:31:31,223 Global parallel computation enabled: 299 / 560
yt : [INFO     ] 2026-07-29 17:31:31,222 Global parallel computation enabled: 420 / 560
yt : [INFO     ] 2026-07-29 17:31:31,222 Global parallel computation enabled: 219 / 560
yt : [INFO     ] 2026-07-29 17:31:31,223 Global parallel computation enabled: 549 / 560
yt : [INFO     ] 2026-07-29 17:31:31,222 Global parallel computation enabled: 278 / 560
yt : [INFO     ] 2026-07-29 17:31:31,221 Global parallel computation enabled: 382 / 560
yt : [INFO     ] 2026-07-29 17:31:31,221 Global parallel computation enabled: 110 / 560
yt : [INFO     ] 2026-07-29 17:31:31,222 Global parallel computation enabled: 53 / 560
yt : [INFO     ] 2026-07-29 17:31:31,223 Global parallel computation enabled: 497 / 560
yt : [INFO     ] 2026-07-29 17:31:31,222 Global parallel computation enabled: 118 / 560
yt : [INFO     ] 2026-07-29 17:31:31,223 Global parallel computation enabled: 315 / 560
yt : [INFO     ] 2026-07-29 17:31:31,222 Global parallel computation enabled: 444 / 560
yt : [INFO     ] 2026-07-29 17:31:31,222 Global parallel computation enabled: 178 / 560
yt : [INFO     ] 2026-07-29 17:31:31,223 Global parallel computation enabled: 514 / 560
yt : [INFO     ] 2026-07-29 17:31:31,222 Global parallel computation enabled: 261 / 560
yt : [INFO     ] 2026-07-29 17:31:31,221 Global parallel computation enabled: 390 / 560
yt : [INFO     ] 2026-07-29 17:31:31,221 Global parallel computation enabled: 111 / 560
yt : [INFO     ] 2026-07-29 17:31:31,222 Global parallel computation enabled: 54 / 560
yt : [INFO     ] 2026-07-29 17:31:31,223 Global parallel computation enabled: 500 / 560
yt : [INFO     ] 2026-07-29 17:31:31,222 Global parallel computation enabled: 135 / 560
yt : [INFO     ] 2026-07-29 17:31:31,223 Global parallel computation enabled: 305 / 560
yt : [INFO     ] 2026-07-29 17:31:31,222 Global parallel computation enabled: 447 / 560
yt : [INFO     ] 2026-07-29 17:31:31,223 Global parallel computation enabled: 537 / 560
yt : [INFO     ] 2026-07-29 17:31:31,222 Global parallel computation enabled: 279 / 560
yt : [INFO     ] 2026-07-29 17:31:31,221 Global parallel computation enabled: 361 / 560
yt : [INFO     ] 2026-07-29 17:31:31,222 Global parallel computation enabled: 55 / 560
Finished calling initialize!
Finished calling initialize!
Finished calling initialize!
Finished calling initialize!
Finished calling initialize!
Finished calling initialize!
Finished calling initialize!
Finished calling initialize!
Finished calling initialize!
Finished calling initialize!
Finished calling initialize!
Finished calling initialize!
Finished calling initialize!
Finished calling initialize!
Finished calling initialize!
Finished calling initialize!
Finished calling initialize!
Finished calling initialize!
Finished calling initialize!
Finished calling initialize!
Finished calling initialize!
Finished calling initialize!
Finished calling initialize!
Finished calling initialize!
Finished calling initialize!
Finished calling initialize!
Finished calling initialize!
Finished calling initialize!
Finished calling initialize!
Finished calling initialize!
Finished calling initialize!
Finished calling initialize!
Finished calling initialize!
Finished calling initialize!
Finished calling initialize!
Finished calling initialize!
Finished calling initialize!
Finished calling initialize!
Finished calling initialize!
Finished calling initialize!
Finished calling initialize!
Finished calling initialize!
Finished calling initialize!
Finished calling initialize!
Finished calling initialize!
Finished calling initialize!
Finished calling initialize!
Finished calling initialize!
Finished calling initialize!
Finished calling initialize!
Finished calling initialize!
Finished calling initialize!
Finished calling initialize!
Finished calling initialize!
Finished calling initialize!
Finished calling initialize!
Finished calling initialize!
Finished calling initialize!
Finished calling initialize!
Finished calling initialize!
Finished calling initialize!
Finished calling initialize!
Finished calling initialize!
Finished calling initialize!
Finished calling initialize!
Finished calling initialize!
Finished calling initialize!
Finished calling initialize!
Finished calling initialize!
Finished calling initialize!
Finished calling initialize!
Finished calling initialize!
Finished calling initialize!
Finished calling initialize!
Finished calling initialize!
Finished calling initialize!
Finished calling initialize!
Finished calling initialize!
Finished calling initialize!
Finished calling initialize!
Finished calling initialize!
Finished calling initialize!
Finished calling initialize!
Finished calling initialize!
Finished calling initialize!
Finished calling initialize!
Finished calling initialize!
Finished calling initialize!
Finished calling initialize!
Finished calling initialize!
Finished calling initialize!
Finished calling initialize!
Finished calling initialize!
Finished calling initialize!
Finished calling initialize!
Finished calling initialize!
Finished calling initialize!
Finished calling initialize!
Finished calling initialize!
Finished calling initialize!
Finished calling initialize!
Finished calling initialize!
Finished calling initialize!
Finished calling initialize!
Finished calling initialize!
Finished calling initialize!
Finished calling initialize!
Finished calling initialize!
Finished calling initialize!
Finished calling initialize!
Finished calling initialize!
Finished calling initialize!
Finished calling initialize!
Finished calling initialize!
Finished calling initialize!
Finished calling initialize!
Finished calling initialize!
Finished calling initialize!
Finished calling initialize!
Finished calling initialize!
Finished calling initialize!
Finished calling initialize!
Finished calling initialize!
Finished calling initialize!
Finished calling initialize!
Finished calling initialize!
Finished calling initialize!
Finished calling initialize!
Finished calling initialize!
Finished calling initialize!
Finished calling initialize!
Finished calling initialize!
Finished calling initialize!
Finished calling initialize!
Finished calling initialize!
Finished calling initialize!
Finished calling initialize!
Finished calling initialize!
Finished calling initialize!
Finished calling initialize!
Finished calling initialize!
Finished calling initialize!
Finished calling initialize!
Finished calling initialize!
Finished calling initialize!
Finished calling initialize!
Finished calling initialize!
Finished calling initialize!
Finished calling initialize!
Finished calling initialize!
Finished calling initialize!
Finished calling initialize!
Finished calling initialize!
Finished calling initialize!
Finished calling initialize!
Finished calling initialize!
Finished calling initialize!
Finished calling initialize!
Finished calling initialize!
Finished calling initialize!
Finished calling initialize!
Finished calling initialize!
Finished calling initialize!
Finished calling initialize!
Finished calling initialize!
Finished calling initialize!
Finished calling initialize!
Finished calling initialize!
Finished calling initialize!
Finished calling initialize!
Finished calling initialize!
Finished calling initialize!
Finished calling initialize!
Finished calling initialize!
Finished calling initialize!
Finished calling initialize!
Finished calling initialize!
Finished calling initialize!
Finished calling initialize!
Finished calling initialize!
Finished calling initialize!
Finished calling initialize!
Finished calling initialize!
Finished calling initialize!
Finished calling initialize!
Finished calling initialize!
Finished calling initialize!
Finished calling initialize!
Finished calling initialize!
Finished calling initialize!
Finished calling initialize!
Finished calling initialize!
Finished calling initialize!
Finished calling initialize!
Finished calling initialize!
Finished calling initialize!
Finished calling initialize!
Finished calling initialize!
Finished calling initialize!
Finished calling initialize!
Finished calling initialize!
Finished calling initialize!
Finished calling initialize!
Finished calling initialize!
Finished calling initialize!
Finished calling initialize!
Finished calling initialize!
Finished calling initialize!
Finished calling initialize!
Finished calling initialize!
Finished calling initialize!
Finished calling initialize!
Finished calling initialize!
Finished calling initialize!
Finished calling initialize!
Finished calling initialize!
Finished calling initialize!
Finished calling initialize!
Finished calling initialize!
Finished calling initialize!
Finished calling initialize!
Finished calling initialize!
Finished calling initialize!
Finished calling initialize!
Finished calling initialize!
Finished calling initialize!
Finished calling initialize!
Finished calling initialize!
Finished calling initialize!
Finished calling initialize!
Finished calling initialize!
Finished calling initialize!
Finished calling initialize!
Finished calling initialize!
Finished calling initialize!
Finished calling initialize!
Finished calling initialize!
Finished calling initialize!
Finished calling initialize!
Finished calling initialize!
Finished calling initialize!
Finished calling initialize!
Finished calling initialize!
Finished calling initialize!
Finished calling initialize!
Finished calling initialize!
Finished calling initialize!
Finished calling initialize!
Finished calling initialize!
Finished calling initialize!
Finished calling initialize!
Finished calling initialize!
Finished calling initialize!
Finished calling initialize!
Finished calling initialize!
Finished calling initialize!
Finished calling initialize!
Finished calling initialize!
Finished calling initialize!
Finished calling initialize!
Finished calling initialize!
Finished calling initialize!
Finished calling initialize!
Finished calling initialize!
Finished calling initialize!
Finished calling initialize!
Finished calling initialize!
Finished calling initialize!
Finished calling initialize!
Finished calling initialize!
Finished calling initialize!
Finished calling initialize!
Finished calling initialize!
Finished calling initialize!
Finished calling initialize!
Finished calling initialize!
Finished calling initialize!
Finished calling initialize!
Finished calling initialize!
Finished calling initialize!
Finished calling initialize!
Finished calling initialize!
Finished calling initialize!
Finished calling initialize!
Finished calling initialize!
Finished calling initialize!
INITIALDT :::::::::::   0.00000000e+00
Finished calling initialize!
Finished calling initialize!
Finished calling initialize!
Finished calling initialize!
Finished calling initialize!
Finished calling initialize!
Finished calling initialize!
Finished calling initialize!
Finished calling initialize!
Finished calling initialize!
Finished calling initialize!
Finished calling initialize!
Finished calling initialize!
Finished calling initialize!
Finished calling initialize!
Finished calling initialize!
Finished calling initialize!
Finished calling initialize!
Finished calling initialize!
Finished calling initialize!
Finished calling initialize!
Finished calling initialize!
Finished calling initialize!
Finished calling initialize!
Finished calling initialize!
Finished calling initialize!
Finished calling initialize!
Finished calling initialize!
Finished calling initialize!
Finished calling initialize!
Finished calling initialize!
Finished calling initialize!
Finished calling initialize!
Finished calling initialize!
Finished calling initialize!
Finished calling initialize!
Finished calling initialize!
Finished calling initialize!
Finished calling initialize!
Finished calling initialize!
Finished calling initialize!
Finished calling initialize!
Finished calling initialize!
Finished calling initialize!
Finished calling initialize!
Finished calling initialize!
Finished calling initialize!
Finished calling initialize!
Finished calling initialize!
Finished calling initialize!
Finished calling initialize!
Finished calling initialize!
Finished calling initialize!
Finished calling initialize!
Finished calling initialize!
Finished calling initialize!
Finished calling initialize!
Finished calling initialize!
Finished calling initialize!
Finished calling initialize!
Finished calling initialize!
Finished calling initialize!
Finished calling initialize!
Finished calling initialize!
Finished calling initialize!
Finished calling initialize!
Finished calling initialize!
Finished calling initialize!
Finished calling initialize!
Finished calling initialize!
Finished calling initialize!
Finished calling initialize!
Finished calling initialize!
Finished calling initialize!
Finished calling initialize!
Finished calling initialize!
Finished calling initialize!
Finished calling initialize!
Finished calling initialize!
Finished calling initialize!
Finished calling initialize!
Finished calling initialize!
Finished calling initialize!
Finished calling initialize!
Finished calling initialize!
Finished calling initialize!
Finished calling initialize!
Finished calling initialize!
Finished calling initialize!
Finished calling initialize!
Finished calling initialize!
Finished calling initialize!
Finished calling initialize!
Finished calling initialize!
Finished calling initialize!
Finished calling initialize!
Finished calling initialize!
Finished calling initialize!
Finished calling initialize!
Finished calling initialize!
Finished calling initialize!
Finished calling initialize!
Finished calling initialize!
Finished calling initialize!
Finished calling initialize!
Finished calling initialize!
Finished calling initialize!
Finished calling initialize!
Finished calling initialize!
Finished calling initialize!
Finished calling initialize!
Finished calling initialize!
Finished calling initialize!
Finished calling initialize!
Finished calling initialize!
Finished calling initialize!
Finished calling initialize!
Finished calling initialize!
Finished calling initialize!
Finished calling initialize!
Finished calling initialize!
Finished calling initialize!
Finished calling initialize!
Finished calling initialize!
Finished calling initialize!
Finished calling initialize!
Finished calling initialize!
Finished calling initialize!
Finished calling initialize!
Finished calling initialize!
Finished calling initialize!
Finished calling initialize!
Finished calling initialize!
Finished calling initialize!
Finished calling initialize!
Finished calling initialize!
Finished calling initialize!
Finished calling initialize!
Finished calling initialize!
Finished calling initialize!
Finished calling initialize!
Finished calling initialize!
Finished calling initialize!
Finished calling initialize!
Finished calling initialize!
Finished calling initialize!
Finished calling initialize!
Finished calling initialize!
Finished calling initialize!
Finished calling initialize!
Finished calling initialize!
Finished calling initialize!
Finished calling initialize!
Finished calling initialize!
Finished calling initialize!
Finished calling initialize!
Finished calling initialize!
Finished calling initialize!
Finished calling initialize!
Finished calling initialize!
Finished calling initialize!
Finished calling initialize!
Finished calling initialize!
Finished calling initialize!
Finished calling initialize!
Finished calling initialize!
Finished calling initialize!
Finished calling initialize!
Finished calling initialize!
Finished calling initialize!
Finished calling initialize!
Finished calling initialize!
Finished calling initialize!
Finished calling initialize!
Finished calling initialize!
Finished calling initialize!
Finished calling initialize!
Finished calling initialize!
Finished calling initialize!
Finished calling initialize!
Finished calling initialize!
Finished calling initialize!
Finished calling initialize!
Finished calling initialize!
Finished calling initialize!
Finished calling initialize!
Finished calling initialize!
Finished calling initialize!
Finished calling initialize!
Finished calling initialize!
Finished calling initialize!
Finished calling initialize!
Finished calling initialize!
Finished calling initialize!
Finished calling initialize!
Finished calling initialize!
Finished calling initialize!
Finished calling initialize!
Finished calling initialize!
Finished calling initialize!
Finished calling initialize!
Finished calling initialize!
Finished calling initialize!
Finished calling initialize!
Finished calling initialize!
Finished calling initialize!
Finished calling initialize!
Finished calling initialize!
Finished calling initialize!
Finished calling initialize!
Finished calling initialize!
Finished calling initialize!
Finished calling initialize!
Finished calling initialize!
Finished calling initialize!
Finished calling initialize!
Finished calling initialize!
Finished calling initialize!
Finished calling initialize!
Finished calling initialize!
Finished calling initialize!
Finished calling initialize!
Finished calling initialize!
Finished calling initialize!
Finished calling initialize!
Finished calling initialize!
Finished calling initialize!
Finished calling initialize!
Finished calling initialize!
Finished calling initialize!
Finished calling initialize!
Finished calling initialize!
Finished calling initialize!
Finished calling initialize!
Finished calling initialize!
Finished calling initialize!
Finished calling initialize!
Finished calling initialize!
Finished calling initialize!
Finished calling initialize!
Finished calling initialize!
Finished calling initialize!
Finished calling initialize!
Finished calling initialize!
Finished calling initialize!
Finished calling initialize!
Finished calling initialize!
Finished calling initialize!
Finished calling initialize!
Finished calling initialize!
Finished calling initialize!
Finished calling initialize!
Finished calling initialize!
Finished calling initialize!
Finished calling initialize!
Finished calling initialize!
Finished calling initialize!
Finished calling initialize!
Finished calling initialize!
Finished calling initialize!
Finished calling initialize!
Finished calling initialize!
Finished calling initialize!
Finished calling initialize!
Finished calling initialize!
Finished calling initialize!
Finished calling initialize!
Finished calling initialize!
Finished calling initialize!
Finished calling initialize!
Finished calling initialize!
Finished calling initialize!
Finished calling initialize!
Finished calling initialize!
slurmstepd: error: *** JOB 7880623 ON c123-121 CANCELLED AT 2026-07-29T19:45:00 ***
[mpiexec@c123-121.frontera.tacc.utexas.edu] HYD_sock_write (../../../../../src/pm/i_hydra/libhydra/sock/hydra_sock_intel.c:360): write error (Bad file descriptor)
[mpiexec@c123-121.frontera.tacc.utexas.edu] HYD_sock_write (../../../../../src/pm/i_hydra/libhydra/sock/hydra_sock_intel.c:360): write error (Bad file descriptor)
[mpiexec@c123-121.frontera.tacc.utexas.edu] HYD_sock_write (../../../../../src/pm/i_hydra/libhydra/sock/hydra_sock_intel.c:360): write error (Bad file descriptor)
[mpiexec@c123-121.frontera.tacc.utexas.edu] HYD_sock_write (../../../../../src/pm/i_hydra/libhydra/sock/hydra_sock_intel.c:360): write error (Bad file descriptor)
[mpiexec@c123-121.frontera.tacc.utexas.edu] HYD_sock_write (../../../../../src/pm/i_hydra/libhydra/sock/hydra_sock_intel.c:360): write error (Bad file descriptor)
[mpiexec@c123-121.frontera.tacc.utexas.edu] HYD_sock_write (../../../../../src/pm/i_hydra/libhydra/sock/hydra_sock_intel.c:360): write error (Bad file descriptor)
[mpiexec@c123-121.frontera.tacc.utexas.edu] wait_proxies_to_terminate (../../../../../src/pm/i_hydra/mpiexec/intel/i_mpiexec.c:527): downstream from host c123-122 exited with status 255
[mpiexec@c123-121.frontera.tacc.utexas.edu] wait_proxies_to_terminate (../../../../../src/pm/i_hydra/mpiexec/intel/i_mpiexec.c:527): downstream from host c123-123 exited with status 255
[mpiexec@c123-121.frontera.tacc.utexas.edu] wait_proxies_to_terminate (../../../../../src/pm/i_hydra/mpiexec/intel/i_mpiexec.c:527): downstream from host c123-124 exited with status 255
[mpiexec@c123-121.frontera.tacc.utexas.edu] wait_proxies_to_terminate (../../../../../src/pm/i_hydra/mpiexec/intel/i_mpiexec.c:527): downstream from host c123-131 exited with status 255
[mpiexec@c123-121.frontera.tacc.utexas.edu] wait_proxies_to_terminate (../../../../../src/pm/i_hydra/mpiexec/intel/i_mpiexec.c:527): downstream from host c123-132 exited with status 255
[mpiexec@c123-121.frontera.tacc.utexas.edu] wait_proxies_to_terminate (../../../../../src/pm/i_hydra/mpiexec/intel/i_mpiexec.c:527): downstream from host c123-133 exited with status 255
[mpiexec@c123-121.frontera.tacc.utexas.edu] wait_proxies_to_terminate (../../../../../src/pm/i_hydra/mpiexec/intel/i_mpiexec.c:527): downstream from host c123-134 exited with status 255
[mpiexec@c123-121.frontera.tacc.utexas.edu] wait_proxies_to_terminate (../../../../../src/pm/i_hydra/mpiexec/intel/i_mpiexec.c:527): downstream from host c123-141 exited with status 255
[mpiexec@c123-121.frontera.tacc.utexas.edu] wait_proxies_to_terminate (../../../../../src/pm/i_hydra/mpiexec/intel/i_mpiexec.c:527): downstream from host c123-142 exited with status 255
