=== libyt environment ready ===
  python:    /work2/11056/zwu/frontera/miniconda3/envs/libyt/bin/python
  numpy can find libstdc++ with GLIBCXX_3.4.29:
2
  ✓ found GLIBCXX_3.4.29 in conda libstdc++
  LIBYT_HOME: /work2/11056/zwu/frontera/enzo_gh/libyt_dev/libyt/install
================================
=== Running libyt STARNET ===
/work2/11056/zwu/frontera/miniconda3/envs/libyt/bin/python
/opt/intel/compilers_and_libraries_2020.4.304/linux/mpi/intel64/bin/mpirun
Restarting from z_0011/
TACC:  Starting up job 7822902 
TACC:  Starting parallel tasks... 
bash initiated
Environmental variables loaded
Aliases loaded
bash initiated
Environmental variables loaded
Aliases loaded
bash initiated
Environmental variables loaded
Aliases loaded
bash initiated
Environmental variables loaded
Aliases loaded
bash initiated
Environmental variables loaded
Aliases loaded
bash initiated
Environmental variables loaded
Aliases loaded
bash initiated
Environmental variables loaded
Aliases loaded
bash initiated
Environmental variables loaded
Aliases loaded
bash initiated
Environmental variables loaded
Aliases loaded
MPI_Init: NumberOfProcessors = 560
Reading parameter file z_0011/z_0011

===================================================================================
=   BAD TERMINATION OF ONE OF YOUR APPLICATION PROCESSES
=   RANK 224 PID 265720 RUNNING AT c201-006
=   KILLED BY SIGNAL: 6 (Aborted)
===================================================================================

===================================================================================
=   BAD TERMINATION OF ONE OF YOUR APPLICATION PROCESSES
=   RANK 225 PID 265721 RUNNING AT c201-006
=   KILLED BY SIGNAL: 6 (Aborted)
===================================================================================

===================================================================================
=   BAD TERMINATION OF ONE OF YOUR APPLICATION PROCESSES
=   RANK 226 PID 265722 RUNNING AT c201-006
=   KILLED BY SIGNAL: 6 (Aborted)
===================================================================================

===================================================================================
=   BAD TERMINATION OF ONE OF YOUR APPLICATION PROCESSES
=   RANK 227 PID 265723 RUNNING AT c201-006
=   KILLED BY SIGNAL: 6 (Aborted)
===================================================================================

===================================================================================
=   BAD TERMINATION OF ONE OF YOUR APPLICATION PROCESSES
=   RANK 228 PID 265724 RUNNING AT c201-006
=   KILLED BY SIGNAL: 6 (Aborted)
===================================================================================

===================================================================================
=   BAD TERMINATION OF ONE OF YOUR APPLICATION PROCESSES
=   RANK 229 PID 265725 RUNNING AT c201-006
=   KILLED BY SIGNAL: 6 (Aborted)
===================================================================================

===================================================================================
=   BAD TERMINATION OF ONE OF YOUR APPLICATION PROCESSES
=   RANK 230 PID 265726 RUNNING AT c201-006
=   KILLED BY SIGNAL: 6 (Aborted)
===================================================================================

===================================================================================
=   BAD TERMINATION OF ONE OF YOUR APPLICATION PROCESSES
=   RANK 231 PID 265727 RUNNING AT c201-006
=   KILLED BY SIGNAL: 6 (Aborted)
===================================================================================

===================================================================================
=   BAD TERMINATION OF ONE OF YOUR APPLICATION PROCESSES
=   RANK 232 PID 265728 RUNNING AT c201-006
=   KILLED BY SIGNAL: 6 (Aborted)
===================================================================================

===================================================================================
=   BAD TERMINATION OF ONE OF YOUR APPLICATION PROCESSES
=   RANK 233 PID 265729 RUNNING AT c201-006
=   KILLED BY SIGNAL: 6 (Aborted)
===================================================================================

===================================================================================
=   BAD TERMINATION OF ONE OF YOUR APPLICATION PROCESSES
=   RANK 234 PID 265730 RUNNING AT c201-006
=   KILLED BY SIGNAL: 6 (Aborted)
===================================================================================

===================================================================================
=   BAD TERMINATION OF ONE OF YOUR APPLICATION PROCESSES
=   RANK 235 PID 265731 RUNNING AT c201-006
=   KILLED BY SIGNAL: 6 (Aborted)
===================================================================================

===================================================================================
=   BAD TERMINATION OF ONE OF YOUR APPLICATION PROCESSES
=   RANK 236 PID 265732 RUNNING AT c201-006
=   KILLED BY SIGNAL: 6 (Aborted)
===================================================================================

===================================================================================
=   BAD TERMINATION OF ONE OF YOUR APPLICATION PROCESSES
=   RANK 237 PID 265733 RUNNING AT c201-006
=   KILLED BY SIGNAL: 6 (Aborted)
===================================================================================

===================================================================================
=   BAD TERMINATION OF ONE OF YOUR APPLICATION PROCESSES
=   RANK 238 PID 265734 RUNNING AT c201-006
=   KILLED BY SIGNAL: 6 (Aborted)
===================================================================================

===================================================================================
=   BAD TERMINATION OF ONE OF YOUR APPLICATION PROCESSES
=   RANK 239 PID 265735 RUNNING AT c201-006
=   KILLED BY SIGNAL: 6 (Aborted)
===================================================================================

===================================================================================
=   BAD TERMINATION OF ONE OF YOUR APPLICATION PROCESSES
=   RANK 240 PID 265736 RUNNING AT c201-006
=   KILLED BY SIGNAL: 6 (Aborted)
===================================================================================

===================================================================================
=   BAD TERMINATION OF ONE OF YOUR APPLICATION PROCESSES
=   RANK 241 PID 265737 RUNNING AT c201-006
=   KILLED BY SIGNAL: 6 (Aborted)
===================================================================================

===================================================================================
=   BAD TERMINATION OF ONE OF YOUR APPLICATION PROCESSES
=   RANK 242 PID 265738 RUNNING AT c201-006
=   KILLED BY SIGNAL: 6 (Aborted)
===================================================================================

===================================================================================
=   BAD TERMINATION OF ONE OF YOUR APPLICATION PROCESSES
=   RANK 243 PID 265739 RUNNING AT c201-006
=   KILLED BY SIGNAL: 6 (Aborted)
===================================================================================

===================================================================================
=   BAD TERMINATION OF ONE OF YOUR APPLICATION PROCESSES
=   RANK 244 PID 265740 RUNNING AT c201-006
=   KILLED BY SIGNAL: 6 (Aborted)
===================================================================================

===================================================================================
=   BAD TERMINATION OF ONE OF YOUR APPLICATION PROCESSES
=   RANK 245 PID 265741 RUNNING AT c201-006
=   KILLED BY SIGNAL: 6 (Aborted)
===================================================================================

===================================================================================
=   BAD TERMINATION OF ONE OF YOUR APPLICATION PROCESSES
=   RANK 246 PID 265742 RUNNING AT c201-006
=   KILLED BY SIGNAL: 6 (Aborted)
===================================================================================

===================================================================================
=   BAD TERMINATION OF ONE OF YOUR APPLICATION PROCESSES
=   RANK 247 PID 265743 RUNNING AT c201-006
=   KILLED BY SIGNAL: 6 (Aborted)
===================================================================================

===================================================================================
=   BAD TERMINATION OF ONE OF YOUR APPLICATION PROCESSES
=   RANK 248 PID 265744 RUNNING AT c201-006
=   KILLED BY SIGNAL: 6 (Aborted)
===================================================================================

===================================================================================
=   BAD TERMINATION OF ONE OF YOUR APPLICATION PROCESSES
=   RANK 249 PID 265745 RUNNING AT c201-006
=   KILLED BY SIGNAL: 6 (Aborted)
===================================================================================

===================================================================================
=   BAD TERMINATION OF ONE OF YOUR APPLICATION PROCESSES
=   RANK 250 PID 265746 RUNNING AT c201-006
=   KILLED BY SIGNAL: 6 (Aborted)
===================================================================================

===================================================================================
=   BAD TERMINATION OF ONE OF YOUR APPLICATION PROCESSES
=   RANK 251 PID 265747 RUNNING AT c201-006
=   KILLED BY SIGNAL: 6 (Aborted)
===================================================================================

===================================================================================
=   BAD TERMINATION OF ONE OF YOUR APPLICATION PROCESSES
=   RANK 252 PID 265748 RUNNING AT c201-006
=   KILLED BY SIGNAL: 6 (Aborted)
===================================================================================

===================================================================================
=   BAD TERMINATION OF ONE OF YOUR APPLICATION PROCESSES
=   RANK 253 PID 265749 RUNNING AT c201-006
=   KILLED BY SIGNAL: 6 (Aborted)
===================================================================================

===================================================================================
=   BAD TERMINATION OF ONE OF YOUR APPLICATION PROCESSES
=   RANK 254 PID 265750 RUNNING AT c201-006
=   KILLED BY SIGNAL: 6 (Aborted)
===================================================================================

===================================================================================
=   BAD TERMINATION OF ONE OF YOUR APPLICATION PROCESSES
=   RANK 255 PID 265751 RUNNING AT c201-006
=   KILLED BY SIGNAL: 6 (Aborted)
===================================================================================

===================================================================================
=   BAD TERMINATION OF ONE OF YOUR APPLICATION PROCESSES
=   RANK 256 PID 265752 RUNNING AT c201-006
=   KILLED BY SIGNAL: 6 (Aborted)
===================================================================================

===================================================================================
=   BAD TERMINATION OF ONE OF YOUR APPLICATION PROCESSES
=   RANK 257 PID 265753 RUNNING AT c201-006
=   KILLED BY SIGNAL: 6 (Aborted)
===================================================================================

===================================================================================
=   BAD TERMINATION OF ONE OF YOUR APPLICATION PROCESSES
=   RANK 258 PID 265754 RUNNING AT c201-006
=   KILLED BY SIGNAL: 6 (Aborted)
===================================================================================

===================================================================================
=   BAD TERMINATION OF ONE OF YOUR APPLICATION PROCESSES
=   RANK 259 PID 265755 RUNNING AT c201-006
=   KILLED BY SIGNAL: 6 (Aborted)
===================================================================================

===================================================================================
=   BAD TERMINATION OF ONE OF YOUR APPLICATION PROCESSES
=   RANK 260 PID 265756 RUNNING AT c201-006
=   KILLED BY SIGNAL: 6 (Aborted)
===================================================================================

===================================================================================
=   BAD TERMINATION OF ONE OF YOUR APPLICATION PROCESSES
=   RANK 261 PID 265757 RUNNING AT c201-006
=   KILLED BY SIGNAL: 6 (Aborted)
===================================================================================

===================================================================================
=   BAD TERMINATION OF ONE OF YOUR APPLICATION PROCESSES
=   RANK 262 PID 265758 RUNNING AT c201-006
=   KILLED BY SIGNAL: 6 (Aborted)
===================================================================================

===================================================================================
=   BAD TERMINATION OF ONE OF YOUR APPLICATION PROCESSES
=   RANK 263 PID 265759 RUNNING AT c201-006
=   KILLED BY SIGNAL: 6 (Aborted)
===================================================================================

===================================================================================
=   BAD TERMINATION OF ONE OF YOUR APPLICATION PROCESSES
=   RANK 264 PID 265760 RUNNING AT c201-006
=   KILLED BY SIGNAL: 6 (Aborted)
===================================================================================

===================================================================================
=   BAD TERMINATION OF ONE OF YOUR APPLICATION PROCESSES
=   RANK 265 PID 265761 RUNNING AT c201-006
=   KILLED BY SIGNAL: 6 (Aborted)
===================================================================================

===================================================================================
=   BAD TERMINATION OF ONE OF YOUR APPLICATION PROCESSES
=   RANK 266 PID 265762 RUNNING AT c201-006
=   KILLED BY SIGNAL: 6 (Aborted)
===================================================================================

===================================================================================
=   BAD TERMINATION OF ONE OF YOUR APPLICATION PROCESSES
=   RANK 267 PID 265763 RUNNING AT c201-006
=   KILLED BY SIGNAL: 6 (Aborted)
===================================================================================

===================================================================================
=   BAD TERMINATION OF ONE OF YOUR APPLICATION PROCESSES
=   RANK 268 PID 265764 RUNNING AT c201-006
=   KILLED BY SIGNAL: 6 (Aborted)
===================================================================================

===================================================================================
=   BAD TERMINATION OF ONE OF YOUR APPLICATION PROCESSES
=   RANK 269 PID 265765 RUNNING AT c201-006
=   KILLED BY SIGNAL: 6 (Aborted)
===================================================================================

===================================================================================
=   BAD TERMINATION OF ONE OF YOUR APPLICATION PROCESSES
=   RANK 270 PID 265766 RUNNING AT c201-006
=   KILLED BY SIGNAL: 6 (Aborted)
===================================================================================

===================================================================================
=   BAD TERMINATION OF ONE OF YOUR APPLICATION PROCESSES
=   RANK 271 PID 265767 RUNNING AT c201-006
=   KILLED BY SIGNAL: 6 (Aborted)
===================================================================================

===================================================================================
=   BAD TERMINATION OF ONE OF YOUR APPLICATION PROCESSES
=   RANK 272 PID 265768 RUNNING AT c201-006
=   KILLED BY SIGNAL: 6 (Aborted)
===================================================================================

===================================================================================
=   BAD TERMINATION OF ONE OF YOUR APPLICATION PROCESSES
=   RANK 273 PID 265769 RUNNING AT c201-006
=   KILLED BY SIGNAL: 6 (Aborted)
===================================================================================

===================================================================================
=   BAD TERMINATION OF ONE OF YOUR APPLICATION PROCESSES
=   RANK 274 PID 265770 RUNNING AT c201-006
=   KILLED BY SIGNAL: 6 (Aborted)
===================================================================================

===================================================================================
=   BAD TERMINATION OF ONE OF YOUR APPLICATION PROCESSES
=   RANK 275 PID 265771 RUNNING AT c201-006
=   KILLED BY SIGNAL: 6 (Aborted)
===================================================================================

===================================================================================
=   BAD TERMINATION OF ONE OF YOUR APPLICATION PROCESSES
=   RANK 276 PID 265772 RUNNING AT c201-006
=   KILLED BY SIGNAL: 6 (Aborted)
===================================================================================

===================================================================================
=   BAD TERMINATION OF ONE OF YOUR APPLICATION PROCESSES
=   RANK 277 PID 265773 RUNNING AT c201-006
=   KILLED BY SIGNAL: 6 (Aborted)
===================================================================================

===================================================================================
=   BAD TERMINATION OF ONE OF YOUR APPLICATION PROCESSES
=   RANK 278 PID 265774 RUNNING AT c201-006
=   KILLED BY SIGNAL: 6 (Aborted)
===================================================================================

===================================================================================
=   BAD TERMINATION OF ONE OF YOUR APPLICATION PROCESSES
=   RANK 279 PID 265775 RUNNING AT c201-006
=   KILLED BY SIGNAL: 6 (Aborted)
===================================================================================
TACC:  MPI job exited with code: 255 
TACC:  Shutdown complete. Exiting. 
=== Done ===
