gcc   : /opt/apps/gcc/9.1.0/bin/gcc   9.1.0
cmake : /home1/apps/cmake/4.1.1/bin/cmake cmake version 4.1.1
conda in PATH            : 0   (must be 0)
conda in LD_LIBRARY_PATH : 0   (must be 0)
CC  = /opt/apps/gcc/9.1.0/bin/gcc
CXX = /opt/apps/gcc/9.1.0/bin/g++

[0m [0m           __    __     __  __     ______     __     ______      
[0m [0m          /\ "-./  \   /\ \/\ \   /\  ___\   /\ \   /\  ___\  
[0m [0m          \ \ \-./\ \  \ \ \_\ \  \ \___  \  \ \ \  \ \ \____ 
[0m [0m           \ \_\ \ \_\  \ \_____\  \/\_____\  \ \_\  \ \_____\ 
[0m [0m            \/_/  \/_/   \/_____/   \/_____/   \/_/   \/_____/ 
[0m
[0m [0m                                   this is music! version 2.0a
[0m
[0m [0mVersion: git rev.: 967651b+, tag: N/A, branch: master
[0m [0mThis RelWithDebInfo build was compiled at 11:33:56 on Jul 30 2026
[0m [0mCompiled with GNU C++ version 9.1.0
[0m [0mOpening log file '125Mpc_baryons_256-L6.conf_log.txt'.
[0m [0m-------------------------------------------------------------------------------
[0m [0mCPU vendor string                : Intel(R) Xeon(R) Platinum 8280 CPU @ 2.70GHz
[0m [0mAvailable HW threads / task      : 56 (56 used)
[0m [0mTotal system memory (phys)       : 191386 Mb
[0m [0mUsed system memory (phys)        : Max: 1916 Mb, Min: 1916 Mb
[0m [0mAvailable system memory (phys)   : Max: 189470 Mb, Min: 189470 Mb
[0m [0mOS/Kernel version                : Linux version 3.10 build 1160
[0m [0mFFTW version                     : fftw-3.3.10
[0m [0mFFTW supports multi-threading    : yes
[0m [0mFFTW mode                        : FFTW_ESTIMATE
[0m [0m-------------------------------------------------------------------------------
[0m [0m-------------------------------------------------------------------------------
[0m [0mCosmological parameters are: 
[0m [0m h        = 0.7             sigma_8  = 0.82            n_s     = 0.96            
[0m [0m Omega_c  = 0.237685        Omega_b  = 0.047           Omega_m = 0.286           
[0m [0m Omega_r  = 0               Omega_nu = 0.00131468      ∑m_nu   = 0.06eV
[0m [0m Omega_DE = 0.714           w_0      = -1              w_a     = 0               
[0m [0mLinear growth factors: D+_target = 1, D+_start = 0.012981
[0m [0m-------------------------------------------------------------------------------
[0m - Selecting transfer function plug-in 'camb_file'...
 [0mReading tabulated transfer function data from file     '/work2/11056/zwu/frontera/enzo_gh/music_ics/inputs/test_transfer_z99.dat'
[0m [0mCAUTION: make sure that this transfer function 	 has been output for z=99.000000!
[0m [0mRead CAMB transfer function table with 213 rows
[0m [0mFixing PS normalisation from specified sigma8 = 0.82
[0m [0m . TF supports distinct CDM+baryons : yes
[0m [0m . TF maximum wave number        : 760.961 h/Mpc
[0m [0m- starting at a=0.01
[0m - Selecting region generator plug-in 'convex_hull'...
 [0mregion point file appears to contain 3 columns
[0m [0munapplying shift of previous zoom region to region particles :	 [-81,84,-61] = (-0.316406,0.328125,-0.238281)
[0m [0mRegion center from convex hull centroid determined at	 (0.819687,0.173722,0.740416)
[0m - Selecting random number generator plug-in 'MUSIC'...
 [0m    refinement region is 'convex_hull', w/ bounding box
[0m [0m            left = [0.80208,0.161534,0.727736]
[0m [0m           right = [0.839745,0.184369,0.755335]
[0m [0m- Internal refinement bounding box: [7957,8574]x[8022,8396]x[8019,8471]
[0m [0m-------------------------------------------------------------------------------
[0m [0m- Domain will be shifted by (-81, 84, -61)

[0m [0m- Grid structure:
     Level 8   :   offset = (0    , 0    , 0    )
                     size = (256  , 256  , 256  )
     Level 9   :   offset = (108  , 109  , 109  )
                     size = (84   , 76   , 78   )
     Level 10  :   offset = (17   , 17   , 17   )
                     size = (100  , 86   , 90   )
     Level 11  :   offset = (17   , 17   , 17   )
                     size = (134  , 104  , 114  )
     Level 12  :   offset = (16   , 16   , 16   )
                     size = (204  , 144  , 162  )
     Level 13  :   offset = (17   , 17   , 16   )
                     size = (342  , 220  , 260  )
     Level 14  :   offset = (16   , 17   , 17   )
                     size = (618  , 374  , 454  )
-------------------------------------------------------------------------------
[0m [0m- Finest level :
                   extent =  4714.97 x 2853.39 x 3463.75 h-3 kpc**3
                 mtotgrid =  3.69867e+12 h-1 M_o
            particle mass =  29455.2 h-1 M_o
         baryon mass/cell =  5792.45 h-1 M_o
                       dx =  7.62939 h-1 kpc
-------------------------------------------------------------------------------
[0m - Selecting output plug-in 'enzo'...
[33mWarning : Old ENZO versions may require 'align_top=true'!
[0m [0m===============================================================================
[0m [0m   GENERATING WHITE NOISE
-------------------------------------------------------------------------------
[0m [0mComputing white noise...
[0m [0mRandom numbers for level  10 will be read from file.
[0m [0mRandom number file '/work2/11056/zwu/frontera/enzo_gh/music_ics/inputs/wnoise_uc_14354454_1024.dat'   contains 1073741824 numbers. Reading...
[0m [0mRandom numbers in file have      mean = -0.000000 and var = 0.997044
[0m [0mGenerating a coarse white noise field by k-space degrading
[0m [0mRestricted random numbers have       mean = 0.000000, var = 0.999007
[0m [0mGenerating a coarse white noise field by k-space degrading
[0m [0mRestricted random numbers have       mean = -0.000000, var = 0.998102
[0m [0mGenerating random numbers w/ sample cube size of 32
[0m [0mGenerating a constrained random number set with seed 238467
[0m [0m    using coarse mode replacement...
[0m [0mGenerating random numbers w/ sample cube size of 32
[0m [0mGenerating a constrained random number set with seed 315953
[0m [0m    using coarse mode replacement...
[0m [0mGenerating random numbers w/ sample cube size of 32
[0m [0mGenerating a constrained random number set with seed 238602
[0m [0m    using coarse mode replacement...
[0m [0mGenerating random numbers w/ sample cube size of 32
[0m [0mGenerating a constrained random number set with seed -79280828
[0m [0m    using coarse mode replacement...
[0m [0m===============================================================================
[0m [0m   COMPUTING DARK MATTER VELOCITIES
[0m [0m-------------------------------------------------------------------------------
[0m [0mPerforming noise convolution on level   8
[0m [0m- Performing kernel convolution on (  256,  256,  256) grid
[0m [0m- Performing forward FFT...
[0m [0mPerforming noise convolution on level   9...
[0m [0mAllocating refinement patch
[0m [0m   offset=(  106,  105,  106)
[0m [0m   size  =(   92,   92,   92)
[0m [0m    margin = 4
[0m [0m- Performing kernel convolution on (  100,  100,  100) grid
[0m [0m- Performing forward FFT...
[0m [0mPerforming noise convolution on level  10...
[0m [0mAllocating refinement patch
[0m [0m   offset=(   19,   20,   19)
[0m [0m   size  =(  108,  108,  108)
[0m [0m    margin = 4
[0m [0m- Performing kernel convolution on (  116,  116,  116) grid
[0m [0m- Performing forward FFT...
[0m [0mPerforming noise convolution on level  11...
[0m [0mAllocating refinement patch
[0m [0m   offset=(   19,   17,   18)
[0m [0m   size  =(  144,  144,  144)
[0m [0m    margin = 4
[0m [0m- Performing kernel convolution on (  152,  152,  152) grid
[0m [0m- Performing forward FFT...
[0m [0mPerforming noise convolution on level  12...
[0m [0mAllocating refinement patch
[0m [0m   offset=(   18,   19,   18)
[0m [0m   size  =(  212,  212,  212)
[0m [0m    margin = 4
[0m [0m- Performing kernel convolution on (  220,  220,  220) grid
[0m [0m- Performing forward FFT...
[0m [0mPerforming noise convolution on level  13...
[0m [0mAllocating refinement patch
[0m [0m   offset=(   19,   18,   17)
[0m [0m   size  =(  352,  352,  352)
[0m [0m    margin = 4
[0m [0m- Performing kernel convolution on (  360,  360,  360) grid
[0m [0m- Performing forward FFT...
[0m [0mPerforming noise convolution on level  14...
[0m [0mAllocating refinement patch
[0m [0m   offset=(   18,   20,   20)
[0m [0m   size  =(  628,  628,  628)
[0m [0m    margin = 4
[0m [0m- Performing kernel convolution on (  636,  636,  636) grid
[0m [0m- Performing forward FFT...
[0m [0m  .level 9 : corrected patch overlap mean value by -0.000011
[0m [0m  .level 10 : corrected patch overlap mean value by 0.000018
[0m [0m  .level 11 : corrected patch overlap mean value by 0.000008
[0m [0m  .level 12 : corrected patch overlap mean value by -0.000004
[0m [0m  .level 13 : corrected patch overlap mean value by 0.000010
[0m [0m  .level 14 : corrected patch overlap mean value by 0.000001
[0m [0m- Top grid mean density is off by 3.92819e-08, correcting...
[0m [0m-------------------------------------------------------------------------------
[0m [0m- Invoking multi-grid Poisson solver...
[0m - Converged in 4 steps to 6.46225e-06
 - Poisson solver took 9.96928s with 56 threads.
 [0m- Computing 2LPT term....
[0m [0m- Solving 2LPT Poisson equation
[0m [0m-------------------------------------------------------------------------------
[0m [0m- Invoking multi-grid Poisson solver...
[0m - Converged in 4 steps to 5.40313e-06
 - Poisson solver took 9.99011s with 56 threads.
 [0m   - Performing hybrid Poisson step... (682, 682, 682)
[0m [0m	 - velocity component 0 : sigma = 0.0830853
[0m [0m	 - velocity component 0 : mean = 0.133253
[0m [0m- Top grid mean density is off by -1.30337e-19, correcting...
[0m [0m	 - velocity component 1 : sigma = 0.052296
[0m [0m	 - velocity component 1 : mean = 0.0334731
[0m [0m- Top grid mean density is off by -2.15982e-19, correcting...
[0m [0m	 - velocity component 2 : sigma = 0.0604858
[0m [0m	 - velocity component 2 : mean = 0.160684
[0m [0m- Top grid mean density is off by 8.27435e-20, correcting...
[0m [0m===============================================================================
[0m [0m   COMPUTING BARYON VELOCITIES
[0m [0m-------------------------------------------------------------------------------
[0m [0mPerforming noise convolution on level   8
[0m [0m- Performing kernel convolution on (  256,  256,  256) grid
[0m [0m- Performing forward FFT...
[0m [0mPerforming noise convolution on level   9...
[0m [0mAllocating refinement patch
[0m [0m   offset=(  106,  105,  106)
[0m [0m   size  =(   92,   92,   92)
[0m [0m    margin = 4
[0m [0m- Performing kernel convolution on (  100,  100,  100) grid
[0m [0m- Performing forward FFT...
[0m [0mPerforming noise convolution on level  10...
[0m [0mAllocating refinement patch
[0m [0m   offset=(   19,   20,   19)
[0m [0m   size  =(  108,  108,  108)
[0m [0m    margin = 4
[0m [0m- Performing kernel convolution on (  116,  116,  116) grid
[0m [0m- Performing forward FFT...
[0m [0mPerforming noise convolution on level  11...
[0m [0mAllocating refinement patch
[0m [0m   offset=(   19,   17,   18)
[0m [0m   size  =(  144,  144,  144)
[0m [0m    margin = 4
[0m [0m- Performing kernel convolution on (  152,  152,  152) grid
[0m [0m- Performing forward FFT...
[0m [0mPerforming noise convolution on level  12...
[0m [0mAllocating refinement patch
[0m [0m   offset=(   18,   19,   18)
[0m [0m   size  =(  212,  212,  212)
[0m [0m    margin = 4
[0m [0m- Performing kernel convolution on (  220,  220,  220) grid
[0m [0m- Performing forward FFT...
[0m [0mPerforming noise convolution on level  13...
[0m [0mAllocating refinement patch
[0m [0m   offset=(   19,   18,   17)
[0m [0m   size  =(  352,  352,  352)
[0m [0m    margin = 4
[0m [0m- Performing kernel convolution on (  360,  360,  360) grid
[0m [0m- Performing forward FFT...
[0m [0mPerforming noise convolution on level  14...
[0m [0mAllocating refinement patch
[0m [0m   offset=(   18,   20,   20)
[0m [0m   size  =(  628,  628,  628)
[0m [0m    margin = 4
[0m [0m- Performing kernel convolution on (  636,  636,  636) grid
[0m [0m- Performing forward FFT...
[0m [0m  .level 9 : corrected patch overlap mean value by -0.000010
[0m [0m  .level 10 : corrected patch overlap mean value by 0.000017
[0m [0m  .level 11 : corrected patch overlap mean value by 0.000008
[0m [0m  .level 12 : corrected patch overlap mean value by -0.000004
[0m [0m  .level 13 : corrected patch overlap mean value by 0.000009
[0m [0m  .level 14 : corrected patch overlap mean value by 0.000001
[0m [0m- Top grid mean density is off by 3.73808e-08, correcting...
[0m [0m-------------------------------------------------------------------------------
[0m [0m- Invoking multi-grid Poisson solver...
[0m - Converged in 4 steps to 6.55074e-06
 - Poisson solver took 9.7991s with 56 threads.
 [0mWriting baryon potential
[0m [0m-------------------------------------------------------------------------------
[0m [0m- Invoking multi-grid Poisson solver...
[0m - Converged in 4 steps to 5.93134e-06
 - Poisson solver took 10.3896s with 56 threads.
 [0m   - Performing hybrid Poisson step... (682, 682, 682)
[0m [0m	 - velocity component 0 : sigma = 0.0798687
[0m [0m	 - velocity component 0 : mean = 0.126698
[0m [0m- Top grid mean density is off by 8.43857e-20, correcting...
[0m [0m	 - velocity component 1 : sigma = 0.0502135
[0m [0m	 - velocity component 1 : mean = 0.0342962
[0m [0m- Top grid mean density is off by 9.3298e-20, correcting...
[0m [0m	 - velocity component 2 : sigma = 0.0579381
[0m [0m	 - velocity component 2 : mean = 0.158737
[0m [0m- Top grid mean density is off by -3.19677e-20, correcting...
[0m [0m===============================================================================
[0m [0m   COMPUTING DARK MATTER DISPLACEMENTS
[0m [0m-------------------------------------------------------------------------------
[0m [0mPerforming noise convolution on level   8
[0m [0m- Performing kernel convolution on (  256,  256,  256) grid
[0m [0m- Performing forward FFT...
[0m [0mPerforming noise convolution on level   9...
[0m [0mAllocating refinement patch
[0m [0m   offset=(  106,  105,  106)
[0m [0m   size  =(   92,   92,   92)
[0m [0m    margin = 4
[0m [0m- Performing kernel convolution on (  100,  100,  100) grid
[0m [0m- Performing forward FFT...
[0m [0mPerforming noise convolution on level  10...
[0m [0mAllocating refinement patch
[0m [0m   offset=(   19,   20,   19)
[0m [0m   size  =(  108,  108,  108)
[0m [0m    margin = 4
[0m [0m- Performing kernel convolution on (  116,  116,  116) grid
[0m [0m- Performing forward FFT...
[0m [0mPerforming noise convolution on level  11...
[0m [0mAllocating refinement patch
[0m [0m   offset=(   19,   17,   18)
[0m [0m   size  =(  144,  144,  144)
[0m [0m    margin = 4
[0m [0m- Performing kernel convolution on (  152,  152,  152) grid
[0m [0m- Performing forward FFT...
[0m [0mPerforming noise convolution on level  12...
[0m [0mAllocating refinement patch
[0m [0m   offset=(   18,   19,   18)
[0m [0m   size  =(  212,  212,  212)
[0m [0m    margin = 4
[0m [0m- Performing kernel convolution on (  220,  220,  220) grid
[0m [0m- Performing forward FFT...
[0m [0mPerforming noise convolution on level  13...
[0m [0mAllocating refinement patch
[0m [0m   offset=(   19,   18,   17)
[0m [0m   size  =(  352,  352,  352)
[0m [0m    margin = 4
[0m [0m- Performing kernel convolution on (  360,  360,  360) grid
[0m [0m- Performing forward FFT...
[0m [0mPerforming noise convolution on level  14...
[0m [0mAllocating refinement patch
[0m [0m   offset=(   18,   20,   20)
[0m [0m   size  =(  628,  628,  628)
[0m [0m    margin = 4
[0m [0m- Performing kernel convolution on (  636,  636,  636) grid
[0m [0m- Performing forward FFT...
[0m [0m  .level 9 : corrected patch overlap mean value by -0.000011
[0m [0m  .level 10 : corrected patch overlap mean value by 0.000019
[0m [0m  .level 11 : corrected patch overlap mean value by 0.000009
[0m [0m  .level 12 : corrected patch overlap mean value by -0.000005
[0m [0m  .level 13 : corrected patch overlap mean value by 0.000011
[0m [0m  .level 14 : corrected patch overlap mean value by 0.000002
[0m [0m- Top grid mean density is off by 4.20425e-08, correcting...
[0m [0mGlobal density extrema: 
[0m [0m  minimum: delta=-0.735849 at (0.521393,0.496735,0.495575) (level=14)
[0m [0m       shifted back at (0.837799,0.168610,0.733856)
[0m [0m  maximum: delta=0.716555 at (0.515717,0.492950,0.501251) (level=14)
[0m [0m       shifted back at (0.832123,0.164825,0.739532)
[0m [0mDensity extrema on finest level: 
[0m [0m  minimum: delta=-0.735849 at (0.521393,0.496735,0.495575)
[0m [0m       shifted back at (0.837799,0.168610,0.733856)
[0m [0m  maximum: delta=0.716555 at (0.515717,0.492950,0.501251)
[0m [0m       shifted back at (0.832123,0.164825,0.739532)
[0m [0m-------------------------------------------------------------------------------
[0m [0m- Invoking multi-grid Poisson solver...
[0m - Converged in 4 steps to 7.14837e-06
 - Poisson solver took 9.93389s with 56 threads.
 [0m-------------------------------------------------------------------------------
[0m [0m- Invoking multi-grid Poisson solver...
[0m - Converged in 4 steps to 7.7288e-06
 - Poisson solver took 9.98786s with 56 threads.
 [0m   - Performing hybrid Poisson step... (682, 682, 682)
[0m [0m	 - max. x-displacement of HR particles is 11.509675 [mean dx]
[0m [0m- Top grid mean density is off by -4.57017e-23, correcting...
[0m [0m	 - max. y-displacement of HR particles is 6.952224 [mean dx]
[0m [0m- Top grid mean density is off by 1.68345e-22, correcting...
[0m [0m	 - max. z-displacement of HR particles is 10.738722 [mean dx]
[0m [0m- Top grid mean density is off by 1.70659e-23, correcting...
[0m [0m===============================================================================
[0m [0m   COMPUTING BARYON DENSITY
[0m [0m-------------------------------------------------------------------------------
[0m [0mPerforming noise convolution on level   8
[0m [0m- Performing kernel convolution on (  256,  256,  256) grid
[0m [0m- Performing forward FFT...
[0m [0mPerforming noise convolution on level   9...
[0m [0mAllocating refinement patch
[0m [0m   offset=(  106,  105,  106)
[0m [0m   size  =(   92,   92,   92)
[0m [0m    margin = 4
[0m [0m- Performing kernel convolution on (  100,  100,  100) grid
[0m [0m- Performing forward FFT...
[0m [0mPerforming noise convolution on level  10...
[0m [0mAllocating refinement patch
[0m [0m   offset=(   19,   20,   19)
[0m [0m   size  =(  108,  108,  108)
[0m [0m    margin = 4
[0m [0m- Performing kernel convolution on (  116,  116,  116) grid
[0m [0m- Performing forward FFT...
[0m [0mPerforming noise convolution on level  11...
[0m [0mAllocating refinement patch
[0m [0m   offset=(   19,   17,   18)
[0m [0m   size  =(  144,  144,  144)
[0m [0m    margin = 4
[0m [0m- Performing kernel convolution on (  152,  152,  152) grid
[0m [0m- Performing forward FFT...
[0m [0mPerforming noise convolution on level  12...
[0m [0mAllocating refinement patch
[0m [0m   offset=(   18,   19,   18)
[0m [0m   size  =(  212,  212,  212)
[0m [0m    margin = 4
[0m [0m- Performing kernel convolution on (  220,  220,  220) grid
[0m [0m- Performing forward FFT...
[0m [0mPerforming noise convolution on level  13...
[0m [0mAllocating refinement patch
[0m [0m   offset=(   19,   18,   17)
[0m [0m   size  =(  352,  352,  352)
[0m [0m    margin = 4
[0m [0m- Performing kernel convolution on (  360,  360,  360) grid
[0m [0m- Performing forward FFT...
[0m [0mPerforming noise convolution on level  14...
[0m [0mAllocating refinement patch
[0m [0m   offset=(   18,   20,   20)
[0m [0m   size  =(  628,  628,  628)
[0m [0m    margin = 4
[0m [0m- Performing kernel convolution on (  636,  636,  636) grid
[0m [0m- Performing forward FFT...
[0m [0m  .level 9 : corrected patch overlap mean value by -0.000008
[0m [0m  .level 10 : corrected patch overlap mean value by 0.000013
[0m [0m  .level 11 : corrected patch overlap mean value by 0.000006
[0m [0m  .level 12 : corrected patch overlap mean value by -0.000003
[0m [0m  .level 13 : corrected patch overlap mean value by 0.000007
[0m [0m  .level 14 : corrected patch overlap mean value by 0.000001
[0m [0m- Top grid mean density is off by 2.82628e-08, correcting...
[0m [0m===============================================================================
[0m [0m - Wrote output file '125Mpc_baryons_256-L6'
     using plugin 'enzo'...
 - Done!
[0m
[0m